212.92.232.129 - - [02/Feb/2016:00:33:36 -0800] "GET /logs/access_130930.log HTTP/1.1" 404 73 "http://renova.logdown.com/posts/469650-renova-tretinoin-emollient-cream-05" "Mozilla/5.0 (Windows NT 6.2) AppleWebKit/537.11 (KHTML, like Gecko) Chrome/23.0.1271.95 Safari/537.11" "redlug.com"
212.92.232.129 - - [02/Feb/2016:00:33:37 -0800] "GET /access_130930.log HTTP/1.1" 404 73 "http://renova.logdown.com/posts/469650-renova-tretinoin-emollient-cream-05" "Mozilla/5.0 (Windows NT 6.2) AppleWebKit/537.11 (KHTML, like Gecko) Chrome/23.0.1271.95 Safari/537.11" "redlug.com"
31.184.238.174 - - [02/Feb/2016:00:39:13 -0800] "GET /logs/access.log HTTP/1.1" 200 100191 "http://www.purevolume.com/zoviraxorder" "Mozilla/5.0 (Windows NT 6.1; WOW64; rv:26.0) Gecko/20100101 Firefox/26.0" "redlug.com"
208.115.113.86 - - [02/Feb/2016:00:39:25 -0800] "GET /robots.txt HTTP/1.1" 200 37 "-" "Mozilla/5.0 (compatible; DotBot/1.1; http://www.opensiteexplorer.org/dotbot, help@moz.com)" "redlug.com"
208.115.113.94 - - [02/Feb/2016:00:39:52 -0800] "GET /robots.txt HTTP/1.1" 200 37 "-" "Mozilla/5.0 (compatible; DotBot/1.1; http://www.opensiteexplorer.org/dotbot, help@moz.com)" "www.redlug.com"
31.184.238.174 - - [02/Feb/2016:00:44:58 -0800] "GET /logs/access.log HTTP/1.1" 200 100799 "http://www.purevolume.com/geodonbuywithoutrx" "Mozilla/5.0 (Windows NT 6.1) AppleWebKit/537.36 (KHTML, like Gecko) Chrome/30.0.1599.12785 YaBrowser/13.12.1599.12785 Safari/537.36" "redlug.com"
31.184.238.174 - - [02/Feb/2016:00:46:05 -0800] "GET /logs/access.log HTTP/1.1" 200 101084 "http://gravatar.com/primidone250mgt4" "Mozilla/5.0 (Windows NT 6.1) AppleWebKit/537.36 (KHTML, like Gecko) Chrome/32.0.1700.102 Safari/537.36" "redlug.com"
185.111.83.82 - - [02/Feb/2016:00:47:07 -0800] "GET /logs/access.log HTTP/1.1" 200 13128 "http://redlug.com/" "Mozilla/5.0 (Windows NT 6.0; rv:34.0) Gecko/20100101 Firefox/34.0" "redlug.com"
158.222.7.199 - - [02/Feb/2016:00:47:43 -0800] "GET /logs/access.log HTTP/1.1" 200 13150 "http://redlug.com/" "Mozilla/5.0 (Windows NT 6.0; rv:34.0) Gecko/20100101 Firefox/34.0" "redlug.com"
192.187.100.154 - - [02/Feb/2016:00:49:55 -0800] "GET /logs/access.log HTTP/1.1" 200 13171 "http://redlug.com/" "Mozilla/5.0 (Windows NT 6.0; rv:34.0) Gecko/20100101 Firefox/34.0" "redlug.com"
31.184.238.174 - - [02/Feb/2016:00:51:53 -0800] "GET /logs/access.log HTTP/1.1" 200 101907 "http://www.theknot.com/wedding/amoxil-and-low" "Mozilla/5.0 (Windows NT 6.2; WOW64) AppleWebKit/537.36 (KHTML, like Gecko) Chrome/32.0.1700.76 Safari/537.36" "redlug.com"
31.184.238.174 - - [02/Feb/2016:00:52:54 -0800] "GET /logs/access.log HTTP/1.1" 200 102170 "http://gravatar.com/triamcinolone1cu" "Mozilla/5.0 (Windows NT 5.1; rv:27.0) Gecko/20100101 Firefox/27.0" "redlug.com"
212.92.232.129 - - [02/Feb/2016:00:54:39 -0800] "GET /logs/access_130930.log HTTP/1.1" 404 73 "http://renova.logdown.com/posts/469650-renova-tretinoin-emollient-cream-05" "Opera/9.80 (Windows NT 6.2; U; en) Presto/2.10.289 Version/12.02" "redlug.com"
212.92.232.129 - - [02/Feb/2016:00:54:39 -0800] "GET /logs/access_130930.log HTTP/1.1" 404 73 "http://renova.logdown.com/posts/469650-renova-tretinoin-emollient-cream-05" "Mozilla/4.0 (compatible; MSIE 6.0; Windows NT 5.1; SV1)" "redlug.com"
212.92.232.129 - - [02/Feb/2016:00:54:40 -0800] "GET /access_130930.log HTTP/1.1" 404 73 "http://renova.logdown.com/posts/469650-renova-tretinoin-emollient-cream-05" "Mozilla/4.0 (compatible; MSIE 6.0; Windows NT 5.1; SV1)" "redlug.com"
212.92.232.129 - - [02/Feb/2016:00:54:40 -0800] "GET /logs/access_130930.log HTTP/1.1" 404 73 "http://renova.logdown.com/posts/469650-renova-tretinoin-emollient-cream-05" "Mozilla/4.0 (compatible; MSIE 6.0; Windows NT 5.1; SV1)" "redlug.com"
212.92.232.129 - - [02/Feb/2016:00:54:41 -0800] "GET /logs/access_130930.log HTTP/1.1" 404 73 "http://renova.logdown.com/posts/469650-renova-tretinoin-emollient-cream-05" "Mozilla/5.0 (compatible; MSIE 9.0; Windows NT 6.1; WOW64; Trident/5.0)" "redlug.com"
212.92.232.129 - - [02/Feb/2016:00:54:41 -0800] "GET /access_130930.log HTTP/1.1" 404 73 "http://renova.logdown.com/posts/469650-renova-tretinoin-emollient-cream-05" "Mozilla/5.0 (compatible; MSIE 9.0; Windows NT 6.1; WOW64; Trident/5.0)" "redlug.com"
31.184.238.174 - - [02/Feb/2016:00:58:39 -0800] "GET /logs/access.log HTTP/1.1" 200 103862 "http://www.theknot.com/wedding/special-and-sparfloxacin" "Mozilla/5.0 (Windows NT 5.1) AppleWebKit/537.36 (KHTML, like Gecko) Chrome/32.0.1700.102 Safari/537.36" "redlug.com"
173.78.71.4 - - [02/Feb/2016:00:58:56 -0800] "GET /logs/access.log HTTP/1.1" 200 13329 "http://redlug.com/" "Mozilla/5.0 (Windows NT 6.0; rv:34.0) Gecko/20100101 Firefox/34.0" "redlug.com"
23.90.46.58 - - [02/Feb/2016:00:58:57 -0800] "GET / HTTP/1.1" 200 1273 "http://redlug.com/" "Mozilla/5.0 (Windows NT 6.0; rv:34.0) Gecko/20100101 Firefox/34.0" "redlug.com"
23.90.46.58 - - [02/Feb/2016:00:58:58 -0800] "GET /suggest-listing.php HTTP/1.1" 404 88 "http://redlug.com" "Mozilla/5.0 (Windows NT 6.0; rv:34.0) Gecko/20100101 Firefox/34.0" "redlug.com"
31.184.238.174 - - [02/Feb/2016:00:59:45 -0800] "GET /logs/access.log HTTP/1.1" 200 104680 "http://ordercarbidopalevodopa.over-blog.com/2014/04/order-carbidopa-levodopa-25-100mg-without-prescription.html" "Mozilla/5.0 (Windows NT 6.1; WOW64) AppleWebKit/537.36 (KHTML, like Gecko) Chrome/30.0.1599.12785 YaBrowser/13.12.1599.12785 Safari/537.36" "redlug.com"
198.23.188.239 - - [02/Feb/2016:01:02:25 -0800] "GET /logs/access.log HTTP/1.1" 200 13430 "http://redlug.com/" "Mozilla/5.0 (Windows NT 6.0; rv:34.0) Gecko/20100101 Firefox/34.0" "redlug.com"
198.23.188.239 - - [02/Feb/2016:01:02:26 -0800] "GET / HTTP/1.1" 200 1273 "http://redlug.com/" "Mozilla/5.0 (Windows NT 6.0; rv:34.0) Gecko/20100101 Firefox/34.0" "redlug.com"
198.23.188.239 - - [02/Feb/2016:01:02:26 -0800] "GET /suggest-listing.php HTTP/1.1" 404 88 "http://redlug.com" "Mozilla/5.0 (Windows NT 6.0; rv:34.0) Gecko/20100101 Firefox/34.0" "redlug.com"
175.159.210.124 - - [02/Feb/2016:01:04:38 -0800] "GET /Assorted/GMO.htm HTTP/1.1" 200 4111 "https://www.google.com.hk/" "Mozilla/5.0 (iPad; CPU OS 8_4 like Mac OS X) AppleWebKit/600.1.4 (KHTML, like Gecko) Version/8.0 Mobile/12H143 Safari/600.1.4" "redlug.com"
175.159.210.124 - - [02/Feb/2016:01:04:39 -0800] "GET /cwi.css HTTP/1.1" 404 88 "http://redlug.com/Assorted/GMO.htm" "Mozilla/5.0 (iPad; CPU OS 8_4 like Mac OS X) AppleWebKit/600.1.4 (KHTML, like Gecko) Version/8.0 Mobile/12H143 Safari/600.1.4" "redlug.com"
31.184.238.174 - - [02/Feb/2016:01:05:31 -0800] "GET /logs/access.log HTTP/1.1" 200 106118 "http://trimethoprim-order-safely.tumblr.com" "Mozilla/5.0 (Windows NT 6.1; WOW64) AppleWebKit/537.36 (KHTML, like Gecko) Chrome/32.0.1700.107 Safari/537.36 OPR/19.0.1326.63" "redlug.com"
31.184.238.174 - - [02/Feb/2016:01:06:33 -0800] "GET /logs/access.log HTTP/1.1" 200 106397 "http://www.purevolume.com/buydigoxin025mgnoprescription" "Mozilla/5.0 (Windows NT 6.2; WOW64) AppleWebKit/537.36 (KHTML, like Gecko) Chrome/32.0.1700.107 Safari/537.36" "redlug.com"
177.35.135.16 - - [02/Feb/2016:01:10:33 -0800] "GET /Documents/PunkUSA.htm HTTP/1.1" 200 13496 "-" "qffatp" "redlug.com"
111.221.109.152 - - [02/Feb/2016:01:11:40 -0800] "GET /logs/access.log HTTP/1.1" 200 13694 "-" "Mozilla/5.0 (Windows NT 6.0; rv:34.0) Gecko/20100101 Firefox/34.0" "redlug.com"
111.221.109.152 - - [02/Feb/2016:01:11:47 -0800] "GET / HTTP/1.1" 200 1273 "-" "Mozilla/5.0 (Windows NT 6.0; rv:34.0) Gecko/20100101 Firefox/34.0" "redlug.com"
187.160.124.52 - - [02/Feb/2016:01:11:50 -0800] "GET /suggest-listing.php HTTP/1.1" 404 88 "http://redlug.com" "Mozilla/5.0 (Windows NT 6.0; rv:34.0) Gecko/20100101 Firefox/34.0" "redlug.com"
31.184.238.174 - - [02/Feb/2016:01:12:21 -0800] "GET /logs/access.log HTTP/1.1" 200 107320 "http://www.purevolume.com/wholesaleelavilorderonline" "Mozilla/5.0 (Windows NT 6.1; rv:27.0) Gecko/20100101 Firefox/27.0" "redlug.com"
31.184.238.174 - - [02/Feb/2016:01:13:24 -0800] "GET /logs/access.log HTTP/1.1" 200 107547 "http://ordernorvasconsale.forumcircle.com" "Opera/9.80 (Windows NT 6.1) Presto/2.12.388 Version/12.16" "redlug.com"
212.92.232.129 - - [02/Feb/2016:01:14:38 -0800] "GET /logs/access_130930.log HTTP/1.1" 404 73 "http://misotrol.brushd.com/" "Opera/9.80 (Windows NT 6.1; WOW64; U; ru) Presto/2.10.289 Version/12.01" "redlug.com"
212.92.232.129 - - [02/Feb/2016:01:14:38 -0800] "GET /logs/access_130930.log HTTP/1.1" 404 73 "http://misotrol.brushd.com/" "Mozilla/5.0 (Windows; U; Windows NT 6.1; en-US; rv:1.9.2.22) Gecko/20110902 Firefox/3.6.22" "redlug.com"
212.92.232.129 - - [02/Feb/2016:01:14:39 -0800] "GET /access_130930.log HTTP/1.1" 404 73 "http://misotrol.brushd.com/" "Mozilla/5.0 (Windows; U; Windows NT 6.1; en-US; rv:1.9.2.22) Gecko/20110902 Firefox/3.6.22" "redlug.com"
212.92.232.129 - - [02/Feb/2016:01:14:40 -0800] "GET /logs/access_130930.log HTTP/1.1" 404 73 "http://misotrol.brushd.com/" "Mozilla/5.0 (Windows NT 5.1; rv:14.0) Gecko/20100101 Firefox/14.0.1" "redlug.com"
179.61.138.147 - - [02/Feb/2016:01:17:37 -0800] "GET /logs/access.log HTTP/1.1" 200 13881 "http://redlug.com/" "Mozilla/5.0 (Windows NT 6.0; rv:34.0) Gecko/20100101 Firefox/34.0" "redlug.com"
179.61.138.147 - - [02/Feb/2016:01:17:38 -0800] "GET / HTTP/1.1" 200 1273 "http://redlug.com/" "Mozilla/5.0 (Windows NT 6.0; rv:34.0) Gecko/20100101 Firefox/34.0" "redlug.com"
36.48.69.178 - - [02/Feb/2016:01:17:56 -0800] "GET /logs/access.log HTTP/1.1" 200 13911 "http://redlug.com/" "Mozilla/5.0 (Windows NT 6.0; rv:34.0) Gecko/20100101 Firefox/34.0" "redlug.com"
36.48.69.178 - - [02/Feb/2016:01:17:58 -0800] "GET / HTTP/1.1" 200 1273 "http://redlug.com/" "Mozilla/5.0 (Windows NT 6.0; rv:34.0) Gecko/20100101 Firefox/34.0" "redlug.com"
36.48.69.178 - - [02/Feb/2016:01:18:00 -0800] "GET /suggest-listing.php HTTP/1.1" 404 88 "http://redlug.com" "Mozilla/5.0 (Windows NT 6.0; rv:34.0) Gecko/20100101 Firefox/34.0" "redlug.com"
31.184.238.174 - - [02/Feb/2016:01:20:07 -0800] "GET /logs/access.log HTTP/1.1" 200 109550 "http://www.theknot.com/wedding/mometasone-and-sale" "Opera/9.80 (Windows NT 6.1) Presto/2.12.388 Version/12.16" "redlug.com"
192.187.100.154 - - [02/Feb/2016:01:21:43 -0800] "GET /logs/access.log HTTP/1.1" 200 13969 "http://redlug.com/" "Mozilla/5.0 (Windows NT 6.0; rv:34.0) Gecko/20100101 Firefox/34.0" "redlug.com"
23.106.216.107 - - [02/Feb/2016:01:23:51 -0800] "GET /logs/access.log HTTP/1.1" 200 13982 "http://redlug.com/" "Mozilla/5.0 (Windows NT 6.0; rv:34.0) Gecko/20100101 Firefox/34.0" "redlug.com"
23.106.216.107 - - [02/Feb/2016:01:23:53 -0800] "GET / HTTP/1.1" 200 1273 "http://redlug.com/" "Mozilla/5.0 (Windows NT 6.0; rv:34.0) Gecko/20100101 Firefox/34.0" "redlug.com"
23.106.216.107 - - [02/Feb/2016:01:23:54 -0800] "GET /suggest-listing.php HTTP/1.1" 404 88 "http://redlug.com" "Mozilla/5.0 (Windows NT 6.0; rv:34.0) Gecko/20100101 Firefox/34.0" "redlug.com"
31.184.238.174 - - [02/Feb/2016:01:25:59 -0800] "GET /logs/access.log HTTP/1.1" 200 110520 "http://orderoxytrol5mg2014.forumcircle.com" "Mozilla/5.0 (Windows NT 6.1; WOW64) AppleWebKit/537.36 (KHTML, like Gecko) Chrome/33.0.1750.146 Safari/537.36" "redlug.com"
31.184.238.174 - - [02/Feb/2016:01:27:03 -0800] "GET /logs/access.log HTTP/1.1" 200 110781 "http://gravatar.com/sulopressor" "Mozilla/5.0 (Windows NT 6.1; WOW64) AppleWebKit/537.36 (KHTML, like Gecko) Chrome/33.0.1750.117 Safari/537.36 OPR/20.0.1387.64" "redlug.com"
104.254.212.24 - - [02/Feb/2016:01:27:18 -0800] "GET /logs/access.log HTTP/1.1" 200 14078 "http://redlug.com/" "Mozilla/5.0 (Windows NT 6.0; rv:34.0) Gecko/20100101 Firefox/34.0" "redlug.com"
104.254.212.24 - - [02/Feb/2016:01:27:19 -0800] "GET / HTTP/1.1" 200 1273 "http://redlug.com/" "Mozilla/5.0 (Windows NT 6.0; rv:34.0) Gecko/20100101 Firefox/34.0" "redlug.com"
104.254.212.24 - - [02/Feb/2016:01:27:19 -0800] "GET /suggest-listing.php HTTP/1.1" 404 88 "http://redlug.com" "Mozilla/5.0 (Windows NT 6.0; rv:34.0) Gecko/20100101 Firefox/34.0" "redlug.com"
178.252.132.227 - - [02/Feb/2016:01:29:47 -0800] "GET /logs/access.log HTTP/1.1" 200 14109 "http://redlug.com/" "Mozilla/5.0 (Windows NT 6.0; rv:34.0) Gecko/20100101 Firefox/34.0" "redlug.com"
178.252.132.227 - - [02/Feb/2016:01:29:49 -0800] "GET / HTTP/1.1" 200 1273 "http://redlug.com/" "Mozilla/5.0 (Windows NT 6.0; rv:34.0) Gecko/20100101 Firefox/34.0" "redlug.com"
178.252.132.227 - - [02/Feb/2016:01:29:51 -0800] "GET /suggest-listing.php HTTP/1.1" 404 88 "http://redlug.com" "Mozilla/5.0 (Windows NT 6.0; rv:34.0) Gecko/20100101 Firefox/34.0" "redlug.com"
23.106.216.107 - - [02/Feb/2016:01:32:23 -0800] "GET /logs/access.log HTTP/1.1" 200 14147 "http://redlug.com/" "Mozilla/5.0 (Windows NT 6.0; rv:34.0) Gecko/20100101 Firefox/34.0" "redlug.com"
23.106.216.107 - - [02/Feb/2016:01:32:24 -0800] "GET / HTTP/1.1" 200 1273 "http://redlug.com/" "Mozilla/5.0 (Windows NT 6.0; rv:34.0) Gecko/20100101 Firefox/34.0" "redlug.com"
23.106.216.107 - - [02/Feb/2016:01:32:26 -0800] "GET /suggest-listing.php HTTP/1.1" 404 88 "http://redlug.com" "Mozilla/5.0 (Windows NT 6.0; rv:34.0) Gecko/20100101 Firefox/34.0" "redlug.com"
31.184.238.174 - - [02/Feb/2016:01:32:46 -0800] "GET /logs/access.log HTTP/1.1" 200 112731 "http://order-doxepin-online.tumblr.com" "Opera/9.80 (Windows NT 5.1) Presto/2.12.388 Version/12.16" "redlug.com"
31.184.238.174 - - [02/Feb/2016:01:33:48 -0800] "GET /logs/access.log HTTP/1.1" 200 112936 "http://buyazathioprineonlinenorx.snack.ws" "Mozilla/5.0 (Windows NT 5.1; rv:26.0) Gecko/20100101 Firefox/26.0" "redlug.com"
212.92.232.129 - - [02/Feb/2016:01:35:35 -0800] "GET /logs/access_130930.log HTTP/1.1" 404 73 "http://renova.logdown.com/" "Mozilla/5.0 (Windows; U; Windows NT 6.1; en-US) AppleWebKit/534.10 (KHTML, like Gecko) Chrome/8.0.552.224 Safari/534.10" "redlug.com"
212.92.232.129 - - [02/Feb/2016:01:35:35 -0800] "GET /logs/access_130930.log HTTP/1.1" 404 73 "http://renova.logdown.com/" "Opera/9.80 (Windows NT 6.1; WOW64; Edition Yx) Presto/2.12.388 Version/12.10" "redlug.com"
212.92.232.129 - - [02/Feb/2016:01:35:36 -0800] "GET /access_130930.log HTTP/1.1" 404 73 "http://renova.logdown.com/" "Opera/9.80 (Windows NT 6.1; WOW64; Edition Yx) Presto/2.12.388 Version/12.10" "redlug.com"
212.92.232.129 - - [02/Feb/2016:01:35:36 -0800] "GET /logs/access_130930.log HTTP/1.1" 404 73 "http://renova.logdown.com/" "Mozilla/5.0 (Windows NT 5.1) AppleWebKit/535.19 (KHTML, like Gecko) Chrome/18.0.1025.1634 Safari/535.19 YE" "redlug.com"
212.92.232.129 - - [02/Feb/2016:01:35:36 -0800] "GET /access_130930.log HTTP/1.1" 404 73 "http://renova.logdown.com/" "Mozilla/5.0 (Windows NT 5.1) AppleWebKit/535.19 (KHTML, like Gecko) Chrome/18.0.1025.1634 Safari/535.19 YE" "redlug.com"
212.92.232.129 - - [02/Feb/2016:01:35:37 -0800] "GET /logs/access_130930.log HTTP/1.1" 404 73 "http://renova.logdown.com/" "Mozilla/5.0 (Windows NT 5.1; rv:17.0) Gecko/20100101 Firefox/17.0" "redlug.com"
212.92.232.129 - - [02/Feb/2016:01:35:38 -0800] "GET /access_130930.log HTTP/1.1" 404 73 "http://renova.logdown.com/" "Mozilla/5.0 (Windows NT 5.1; rv:17.0) Gecko/20100101 Firefox/17.0" "redlug.com"
31.184.238.174 - - [02/Feb/2016:01:39:33 -0800] "GET /logs/access.log HTTP/1.1" 200 114723 "http://www.theknot.com/wedding/itraconazole-and-without" "Mozilla/5.0 (Windows NT 6.1; WOW64) AppleWebKit/537.36 (KHTML, like Gecko) Chrome/33.0.1750.117 Safari/537.36" "redlug.com"
91.116.246.72 - - [02/Feb/2016:01:40:23 -0800] "GET /logs/access.log HTTP/1.1" 200 114997 "-" "Mozilla/5.0 (X11; Linux x86_64; rv:2.0b8pre) Gecko/20101011 Firefox/4.0b8pre" "redlug.com"
31.184.238.174 - - [02/Feb/2016:01:40:35 -0800] "GET /logs/access.log HTTP/1.1" 200 115183 "http://www.theknot.com/wedding/cheap-and-celexa" "Mozilla/5.0 (Windows NT 6.3; WOW64; rv:26.0) Gecko/20100101 Firefox/26.0" "redlug.com"
31.184.238.174 - - [02/Feb/2016:01:46:21 -0800] "GET /logs/access.log HTTP/1.1" 200 115412 "http://primidone-250mg-buy-online.snack.ws" "Opera/9.80 (Windows NT 6.1; WOW64) Presto/2.12.388 Version/12.16" "redlug.com"
31.184.238.174 - - [02/Feb/2016:01:47:21 -0800] "GET /logs/access.log HTTP/1.1" 200 115628 "http://cetirizine5mgd4i.forumcircle.com" "Mozilla/5.0 (Windows NT 6.1; WOW64) AppleWebKit/537.36 (KHTML, like Gecko) Chrome/33.0.1750.117 Safari/537.36" "redlug.com"
192.187.100.154 - - [02/Feb/2016:01:48:55 -0800] "GET /logs/access.log HTTP/1.1" 200 14484 "http://redlug.com/" "Mozilla/5.0 (Windows NT 6.0; rv:34.0) Gecko/20100101 Firefox/34.0" "redlug.com"
185.107.24.23 - - [02/Feb/2016:01:51:18 -0800] "GET /logs/access.log HTTP/1.1" 200 14498 "http://redlug.com/" "Mozilla/5.0 (Windows NT 6.0; rv:34.0) Gecko/20100101 Firefox/34.0" "redlug.com"
185.107.24.23 - - [02/Feb/2016:01:51:19 -0800] "GET / HTTP/1.1" 200 1273 "http://redlug.com/" "Mozilla/5.0 (Windows NT 6.0; rv:34.0) Gecko/20100101 Firefox/34.0" "redlug.com"
185.107.24.23 - - [02/Feb/2016:01:51:19 -0800] "GET /suggest-listing.php HTTP/1.1" 404 88 "http://redlug.com" "Mozilla/5.0 (Windows NT 6.0; rv:34.0) Gecko/20100101 Firefox/34.0" "redlug.com"
31.184.238.174 - - [02/Feb/2016:01:53:07 -0800] "GET /logs/access.log HTTP/1.1" 200 116636 "http://umgvibramycin100mg.forumcircle.com" "Mozilla/5.0 (Windows NT 5.1) AppleWebKit/537.36 (KHTML, like Gecko) Chrome/33.0.1750.146 Safari/537.36" "redlug.com"
192.187.100.154 - - [02/Feb/2016:01:53:57 -0800] "GET /logs/access.log HTTP/1.1" 200 14561 "http://redlug.com/" "Mozilla/5.0 (Windows NT 6.0; rv:34.0) Gecko/20100101 Firefox/34.0" "redlug.com"
31.184.238.174 - - [02/Feb/2016:01:54:10 -0800] "GET /logs/access.log HTTP/1.1" 200 117082 "http://orderglyburideonlinecheap.over-blog.com/2014/04/buy-cheap-glyburide.html" "Mozilla/5.0 (Windows NT 5.1; rv:27.0) Gecko/20100101 Firefox/27.0" "redlug.com"
212.92.232.129 - - [02/Feb/2016:01:56:52 -0800] "GET /logs/access_130930.log HTTP/1.1" 404 73 "http://renova.logdown.com/" "Opera/9.80 (Windows NT 6.1; WOW64; U; MRA 8.0 (build 5880); ru) Presto/2.10.289 Version/12.02" "redlug.com"
212.92.232.129 - - [02/Feb/2016:01:56:52 -0800] "GET /access_130930.log HTTP/1.1" 404 73 "http://renova.logdown.com/" "Opera/9.80 (Windows NT 6.1; WOW64; U; MRA 8.0 (build 5880); ru) Presto/2.10.289 Version/12.02" "redlug.com"
212.92.232.129 - - [02/Feb/2016:01:56:52 -0800] "GET /logs/access_130930.log HTTP/1.1" 404 73 "http://renova.logdown.com/" "Mozilla/5.0 (Windows NT 6.1; WOW64) AppleWebKit/537.11 (KHTML, like Gecko) Chrome/23.0.1271.64 Safari/537.11" "redlug.com"
212.92.232.129 - - [02/Feb/2016:01:56:53 -0800] "GET /access_130930.log HTTP/1.1" 404 73 "http://renova.logdown.com/" "Mozilla/5.0 (Windows NT 6.1; WOW64) AppleWebKit/537.11 (KHTML, like Gecko) Chrome/23.0.1271.64 Safari/537.11" "redlug.com"
212.92.232.129 - - [02/Feb/2016:01:56:54 -0800] "GET /logs/access_130930.log HTTP/1.1" 404 73 "http://renova.logdown.com/" "Mozilla/5.0 (Windows; U; Windows NT 6.1; en-US; rv:1.9.2.22) Gecko/20110902 Firefox/3.6.22" "redlug.com"
212.92.232.129 - - [02/Feb/2016:01:56:54 -0800] "GET /access_130930.log HTTP/1.1" 404 73 "http://renova.logdown.com/" "Mozilla/5.0 (Windows; U; Windows NT 6.1; en-US; rv:1.9.2.22) Gecko/20110902 Firefox/3.6.22" "redlug.com"
31.184.238.174 - - [02/Feb/2016:01:59:53 -0800] "GET /logs/access.log HTTP/1.1" 200 118737 "http://buyclomid100mgnoprescription.snack.ws" "Mozilla/5.0 (Windows NT 6.1) AppleWebKit/537.36 (KHTML, like Gecko) Chrome/30.0.1599.12785 YaBrowser/13.12.1599.12785 Safari/537.36" "redlug.com"
31.184.238.174 - - [02/Feb/2016:02:00:56 -0800] "GET /logs/access.log HTTP/1.1" 200 119022 "http://kvparoxetine40mg.greatwebsitebuilder.com" "Mozilla/5.0 (Windows NT 6.1; WOW64) AppleWebKit/537.36 (KHTML, like Gecko) Chrome/33.0.1750.146 Safari/537.36" "redlug.com"
107.167.109.31 - - [02/Feb/2016:02:04:38 -0800] "GET /pdf/che_sos.pdf HTTP/1.1" 200 207560 "http://www.google.co.in/m?q=revolution+written+by+che+Guevara+pdf+&client=ms-opera-mini&channel=new" "Opera/9.80 (Android; Opera Mini/7.5.33361/37.7751; U; en) Presto/2.12.423 Version/12.16" "redlug.com"
77.37.240.57 - - [02/Feb/2016:02:05:23 -0800] "GET /logs/access.log HTTP/1.1" 200 119584 "http://olegon.ru/showthread.php?t=6546" "Mozilla/5.0 (Windows; U; Windows NT 6.0; en-US; rv:1.9.0.17) Gecko/200912217 http://olegon.ru (.NET CLR 3.5.30729)" "redlug.com"
77.37.240.57 - - [02/Feb/2016:02:05:29 -0800] "GET /logs/access.log HTTP/1.1" 200 119844 "http://inima.ru/contacts/" "Mozilla/5.0 (Windows; U; Windows NT 6.0; en-US; rv:1.9.0.17) Gecko/200912217 http://inima.ru (.NET CLR 3.5.30729)" "redlug.com"
192.187.100.154 - - [02/Feb/2016:02:06:11 -0800] "GET /logs/access.log HTTP/1.1" 200 14909 "http://redlug.com/" "Mozilla/5.0 (Windows NT 6.0; rv:34.0) Gecko/20100101 Firefox/34.0" "redlug.com"
31.184.238.174 - - [02/Feb/2016:02:06:42 -0800] "GET /logs/access.log HTTP/1.1" 200 120283 "http://cefpodoxime-200mg-buy.snack.ws" "Mozilla/5.0 (Windows NT 6.1; WOW64) AppleWebKit/537.36 (KHTML, like Gecko) Chrome/32.0.1700.76 Safari/537.36" "redlug.com"
31.184.238.174 - - [02/Feb/2016:02:07:46 -0800] "GET /logs/access.log HTTP/1.1" 200 120538 "http://www.purevolume.com/sildenafilcitratebuyonline" "Opera/9.80 (Windows NT 6.1) Presto/2.12.388 Version/12.16" "redlug.com"
185.46.85.171 - - [02/Feb/2016:02:07:54 -0800] "GET /logs/access.log HTTP/1.1" 200 120757 "http://redlug.com/" "Mozilla/5.0 (Windows NT 6.0; rv:34.0) Gecko/20100101 Firefox/34.0" "redlug.com"
192.187.100.154 - - [02/Feb/2016:02:09:03 -0800] "GET /logs/access.log HTTP/1.1" 200 15005 "http://redlug.com/" "Mozilla/5.0 (Windows NT 6.0; rv:34.0) Gecko/20100101 Firefox/34.0" "redlug.com"
31.184.238.174 - - [02/Feb/2016:02:13:32 -0800] "GET /logs/access.log HTTP/1.1" 200 121142 "http://u0xtrimethoprim400mg.over-blog.com/2014/04/trimethoprim-400mg-buy-without-rx-where-can-i-buy-trimethoprim-in-london.html" "Mozilla/5.0 (Windows NT 6.3; WOW64) AppleWebKit/537.36 (KHTML, like Gecko) Chrome/33.0.1750.146 Safari/537.36" "redlug.com"
31.184.238.174 - - [02/Feb/2016:02:14:34 -0800] "GET /logs/access.log HTTP/1.1" 200 121488 "http://www.purevolume.com/orderdrospirenoneonline" "Mozilla/5.0 (Windows NT 5.1; rv:27.0) Gecko/20100101 Firefox/27.0" "redlug.com"
212.92.232.129 - - [02/Feb/2016:02:17:04 -0800] "GET /logs/access_130930.log HTTP/1.1" 404 73 "http://misotrol.brushd.com/" "Opera/9.80 (Windows NT 6.1; Win64; x64) Presto/2.12.388 Version/12.10" "redlug.com"
212.92.232.129 - - [02/Feb/2016:02:17:05 -0800] "GET /logs/access_130930.log HTTP/1.1" 404 73 "http://misotrol.brushd.com/" "Mozilla/5.0 (Windows NT 6.1; rv:13.0) Gecko/20100101 Firefox/13.0.1" "redlug.com"
212.92.232.129 - - [02/Feb/2016:02:17:05 -0800] "GET /access_130930.log HTTP/1.1" 404 73 "http://misotrol.brushd.com/" "Mozilla/5.0 (Windows NT 6.1; rv:13.0) Gecko/20100101 Firefox/13.0.1" "redlug.com"
212.92.232.129 - - [02/Feb/2016:02:17:06 -0800] "GET /logs/access_130930.log HTTP/1.1" 404 73 "http://misotrol.brushd.com/" "Mozilla/5.0 (Windows NT 6.1; WOW64) AppleWebKit/535.19 (KHTML, like Gecko) Chrome/18.0.1025.152 Safari/535.19 CoolNovo/2.0.3.55" "redlug.com"
212.92.232.129 - - [02/Feb/2016:02:17:06 -0800] "GET /access_130930.log HTTP/1.1" 404 73 "http://misotrol.brushd.com/" "Mozilla/5.0 (Windows NT 6.1; WOW64) AppleWebKit/535.19 (KHTML, like Gecko) Chrome/18.0.1025.152 Safari/535.19 CoolNovo/2.0.3.55" "redlug.com"
212.92.232.129 - - [02/Feb/2016:02:17:07 -0800] "GET /logs/access_130930.log HTTP/1.1" 404 73 "http://misotrol.brushd.com/" "Opera/9.80 (Windows NT 6.1; WOW64; MRA 8.0 (build 5880)) Presto/2.12.388 Version/12.11" "redlug.com"
89.19.177.43 - - [02/Feb/2016:02:17:08 -0800] "GET / HTTP/1.1" 200 9589 "http://www.xolodremont.ru/master_po_remontu_holodilnikov.html" "Mozilla/5.0 (Windows NT 6.1; rv:37.0) Gecko/20100101 Firefox/37.0" "redlug.com"
89.19.177.43 - - [02/Feb/2016:02:17:09 -0800] "GET / HTTP/1.1" 200 9589 "http://www.xolodremont.ru/master_po_remontu_holodilnikov.html" "Mozilla/5.0 (Windows NT 6.1) AppleWebKit/537.36 (KHTML, like Gecko) Chrome/41.0.2272.101 Safari/537.36" "redlug.com"
89.19.177.43 - - [02/Feb/2016:02:17:10 -0800] "GET / HTTP/1.1" 200 9589 "http://www.xolodremont.ru/master_po_remontu_holodilnikov.html" "Mozilla/5.0 (Windows NT 6.3; WOW64; rv:36.0) Gecko/20100101 Firefox/36.0" "redlug.com"
31.184.238.174 - - [02/Feb/2016:02:20:19 -0800] "GET /logs/access.log HTTP/1.1" 200 123780 "http://buyepivironlinelowprice.snack.ws" "Mozilla/5.0 (Windows NT 6.2; WOW64) AppleWebKit/537.36 (KHTML, like Gecko) Chrome/32.0.1700.107 Safari/537.36" "redlug.com"
31.184.238.174 - - [02/Feb/2016:02:21:21 -0800] "GET /logs/access.log HTTP/1.1" 200 124038 "http://gravatar.com/descriflikaranbi" "Mozilla/5.0 (Windows NT 6.1; WOW64) AppleWebKit/537.36 (KHTML, like Gecko) Chrome/32.0.1700.102 Safari/537.36 OPR/19.0.1326.59" "redlug.com"
46.7.245.152 - - [02/Feb/2016:02:21:39 -0800] "GET /logs/access.log HTTP/1.1" 200 15368 "https://www.google.ie/" "Mozilla/5.0 (Macintosh; Intel Mac OS X 10_9_5) AppleWebKit/537.36 (KHTML, like Gecko) Chrome/47.0.2526.111 Safari/537.36" "redlug.com"
192.187.100.154 - - [02/Feb/2016:02:22:00 -0800] "GET /logs/access.log HTTP/1.1" 200 15428 "http://redlug.com/" "Mozilla/5.0 (Windows NT 6.0; rv:34.0) Gecko/20100101 Firefox/34.0" "redlug.com"
198.46.154.183 - - [02/Feb/2016:02:23:44 -0800] "GET /logs/access_140829.log HTTP/1.1" 200 692427 "http://redlug.com/" "Mozilla/5.0 (Windows NT 6.0; rv:34.0) Gecko/20100101 Firefox/34.0" "redlug.com"
208.115.113.86 - - [02/Feb/2016:02:26:06 -0800] "GET /Socialist/05MayGamaJH.htm HTTP/1.1" 200 5181 "-" "Mozilla/5.0 (compatible; DotBot/1.1; http://www.opensiteexplorer.org/dotbot, help@moz.com)" "redlug.com"
208.115.113.86 - - [02/Feb/2016:02:26:06 -0800] "GET /Leaflets/2007/?N=D HTTP/1.1" 200 573 "-" "Mozilla/5.0 (compatible; DotBot/1.1; http://www.opensiteexplorer.org/dotbot, help@moz.com)" "redlug.com"
208.115.113.86 - - [02/Feb/2016:02:26:07 -0800] "GET /JHstateNICEref.htm HTTP/1.1" 404 73 "-" "Mozilla/5.0 (compatible; DotBot/1.1; http://www.opensiteexplorer.org/dotbot, help@moz.com)" "redlug.com"
208.115.113.86 - - [02/Feb/2016:02:26:07 -0800] "GET /Documents/Venezuela.htm HTTP/1.1" 200 19691 "-" "Mozilla/5.0 (compatible; DotBot/1.1; http://www.opensiteexplorer.org/dotbot, help@moz.com)" "redlug.com"
208.115.113.86 - - [02/Feb/2016:02:26:07 -0800] "GET /Documents/GlobalWarming.htm HTTP/1.1" 200 17103 "-" "Mozilla/5.0 (compatible; DotBot/1.1; http://www.opensiteexplorer.org/dotbot, help@moz.com)" "redlug.com"
208.115.113.86 - - [02/Feb/2016:02:26:07 -0800] "GET /Assorted/Gama050415.htm HTTP/1.1" 200 2492 "-" "Mozilla/5.0 (compatible; DotBot/1.1; http://www.opensiteexplorer.org/dotbot, help@moz.com)" "redlug.com"
31.184.238.174 - - [02/Feb/2016:02:28:10 -0800] "GET /logs/access.log HTTP/1.1" 200 126189 "http://buyselegilineonlinenoprescription.snack.ws" "Mozilla/5.0 (Windows NT 6.1; WOW64) AppleWebKit/537.36 (KHTML, like Gecko) Chrome/32.0.1700.102 Safari/537.36" "redlug.com"
185.107.26.131 - - [02/Feb/2016:02:30:20 -0800] "GET /logs/access.log HTTP/1.1" 200 15633 "http://redlug.com/" "Mozilla/5.0 (Windows NT 6.0; rv:34.0) Gecko/20100101 Firefox/34.0" "redlug.com"
185.107.26.131 - - [02/Feb/2016:02:30:24 -0800] "GET / HTTP/1.1" 200 1273 "http://redlug.com/" "Mozilla/5.0 (Windows NT 6.0; rv:34.0) Gecko/20100101 Firefox/34.0" "redlug.com"
185.107.26.131 - - [02/Feb/2016:02:30:24 -0800] "GET /suggest-listing.php HTTP/1.1" 404 88 "http://redlug.com" "Mozilla/5.0 (Windows NT 6.0; rv:34.0) Gecko/20100101 Firefox/34.0" "redlug.com"
192.187.100.154 - - [02/Feb/2016:02:30:29 -0800] "GET /logs/access.log HTTP/1.1" 200 15663 "http://redlug.com/" "Mozilla/5.0 (Windows NT 6.0; rv:34.0) Gecko/20100101 Firefox/34.0" "redlug.com"
40.77.167.33 - - [02/Feb/2016:02:31:27 -0800] "GET /robots.txt HTTP/1.1" 200 37 "-" "Mozilla/5.0 (compatible; bingbot/2.0; +http://www.bing.com/bingbot.htm)" "redlug.com"
157.55.39.135 - - [02/Feb/2016:02:32:10 -0800] "GET /Archive/Manifesto.htm HTTP/1.1" 404 88 "-" "Mozilla/5.0 (compatible; bingbot/2.0; +http://www.bing.com/bingbot.htm)" "www.redlug.com"
192.3.165.219 - - [02/Feb/2016:02:32:22 -0800] "GET /logs/access.log HTTP/1.1" 200 15754 "http://redlug.com/" "Mozilla/5.0 (Windows NT 6.0; rv:34.0) Gecko/20100101 Firefox/34.0" "redlug.com"
192.3.165.219 - - [02/Feb/2016:02:32:23 -0800] "GET / HTTP/1.1" 200 1273 "http://redlug.com/" "Mozilla/5.0 (Windows NT 6.0; rv:34.0) Gecko/20100101 Firefox/34.0" "redlug.com"
192.3.165.219 - - [02/Feb/2016:02:32:24 -0800] "GET /sitemap.xml HTTP/1.1" 200 198 "http://redlug.com" "Mozilla/5.0 (Windows NT 6.0; rv:34.0) Gecko/20100101 Firefox/34.0" "redlug.com"
192.3.165.219 - - [02/Feb/2016:02:32:24 -0800] "GET /suggest-listing.php HTTP/1.1" 404 88 "http://redlug.com/sitemap.xml" "Mozilla/5.0 (Windows NT 6.0; rv:34.0) Gecko/20100101 Firefox/34.0" "redlug.com"
203.162.235.232 - - [02/Feb/2016:02:33:11 -0800] "GET /logs/access.log HTTP/1.1" 200 15808 "http://redlug.com/" "Mozilla/5.0 (Windows NT 6.0; rv:34.0) Gecko/20100101 Firefox/34.0" "redlug.com"
31.184.238.174 - - [02/Feb/2016:02:33:55 -0800] "GET /logs/access.log HTTP/1.1" 200 128514 "http://buyolmesartanonlinenorx.over-blog.com/2014/04/buy-olmesartan-40-mg-safely.html" "Mozilla/5.0 (Windows NT 6.1; WOW64; rv:26.0) Gecko/20100101 Firefox/26.0" "redlug.com"
31.184.238.174 - - [02/Feb/2016:02:34:58 -0800] "GET /logs/access.log HTTP/1.1" 200 128781 "http://gravatar.com/sluminomsesdifa" "Mozilla/5.0 (Windows NT 5.1) AppleWebKit/537.36 (KHTML, like Gecko) Chrome/32.0.1700.76 Safari/537.36" "redlug.com"
54.90.67.151 - - [02/Feb/2016:02:35:00 -0800] "GET /pdf/che_sos.pdf HTTP/1.1" 200 207560 "-" "User-Agent: Mozilla/5.0 (Windows NT 6.1; WOW64) AppleWebKit/537.31 (KHTML, like Gecko) Chrome/26.0.1410.64 Safari/537.31" "redlug.com"
192.187.100.154 - - [02/Feb/2016:02:36:16 -0800] "GET /logs/access.log HTTP/1.1" 200 15944 "http://redlug.com/" "Mozilla/5.0 (Windows NT 6.0; rv:34.0) Gecko/20100101 Firefox/34.0" "redlug.com"
191.232.136.21 - - [02/Feb/2016:02:36:25 -0800] "GET /logs/access_151007.log HTTP/1.1" 200 2924003 "-" "Mozilla/5.0 (compatible; bingbot/2.0; +http://www.bing.com/bingbot.htm)" "redlug.com"
191.232.136.21 - - [02/Feb/2016:02:36:28 -0800] "GET /War/CWI2203news.htm HTTP/1.1" 200 5918 "-" "Mozilla/5.0 (compatible; bingbot/2.0; +http://www.bing.com/bingbot.htm)" "redlug.com"
208.115.113.86 - - [02/Feb/2016:02:36:50 -0800] "GET /robots.txt HTTP/1.1" 200 37 "-" "Mozilla/5.0 (compatible; DotBot/1.1; http://www.opensiteexplorer.org/dotbot, help@moz.com)" "redlug.com"
212.92.232.129 - - [02/Feb/2016:02:38:23 -0800] "GET /logs/access_130930.log HTTP/1.1" 404 73 "https://www.ymlp.com/zPRds6" "Mozilla/5.0 (Macintosh; Intel Mac OS X 10_8_2) AppleWebKit/537.11 (KHTML, like Gecko) Chrome/23.0.1271.64 Safari/537.11" "redlug.com"
212.92.232.129 - - [02/Feb/2016:02:38:24 -0800] "GET /logs/access_130930.log HTTP/1.1" 404 73 "https://www.ymlp.com/zPRds6" "Opera/9.80 (Windows NT 6.1; WOW64; U; ru) Presto/2.10.289 Version/12.00" "redlug.com"
212.92.232.129 - - [02/Feb/2016:02:38:24 -0800] "GET /access_130930.log HTTP/1.1" 404 73 "https://www.ymlp.com/zPRds6" "Opera/9.80 (Windows NT 6.1; WOW64; U; ru) Presto/2.10.289 Version/12.00" "redlug.com"
212.92.232.129 - - [02/Feb/2016:02:38:25 -0800] "GET /logs/access_130930.log HTTP/1.1" 404 73 "https://www.ymlp.com/zPRds6" "Mozilla/5.0 (Windows; U; Windows NT 6.1; en-US) AppleWebKit/533.4 (KHTML, like Gecko) Iron/5.0.381.0 Chrome/5.0.381 Safari/533.4" "redlug.com"
212.92.232.129 - - [02/Feb/2016:02:38:25 -0800] "GET /access_130930.log HTTP/1.1" 404 73 "https://www.ymlp.com/zPRds6" "Mozilla/5.0 (Windows; U; Windows NT 6.1; en-US) AppleWebKit/533.4 (KHTML, like Gecko) Iron/5.0.381.0 Chrome/5.0.381 Safari/533.4" "redlug.com"
212.92.232.129 - - [02/Feb/2016:02:38:25 -0800] "GET /logs/access_130930.log HTTP/1.1" 404 73 "https://www.ymlp.com/zPRds6" "Mozilla/5.0 (Windows NT 6.1; WOW64) AppleWebKit/537.4 (KHTML, like Gecko) Chrome/22.0.1229.96 Safari/537.4" "redlug.com"
212.92.232.129 - - [02/Feb/2016:02:38:26 -0800] "GET /access_130930.log HTTP/1.1" 404 73 "https://www.ymlp.com/zPRds6" "Mozilla/5.0 (Windows NT 6.1; WOW64) AppleWebKit/537.4 (KHTML, like Gecko) Chrome/22.0.1229.96 Safari/537.4" "redlug.com"
87.38.20.2 - - [02/Feb/2016:02:38:59 -0800] "GET / HTTP/1.1" 200 1273 "-" "Mozilla/5.0 (iPad; CPU OS 9_2_1 like Mac OS X) AppleWebKit/601.1.46 (KHTML, like Gecko) Version/9.0 Mobile/13D15 Safari/601.1" "redlug.com"
31.184.238.174 - - [02/Feb/2016:02:40:41 -0800] "GET /logs/access.log HTTP/1.1" 200 131924 "http://www.purevolume.com/orderazelastinesafely" "Mozilla/5.0 (Windows NT 6.1) AppleWebKit/537.36 (KHTML, like Gecko) Chrome/30.0.1599.13014 YaBrowser/13.12.1599.13014 Safari/537.36" "redlug.com"
91.116.246.72 - - [02/Feb/2016:02:41:25 -0800] "GET /logs/access.log HTTP/1.1" 200 132212 "-" "Mozilla/5.0 (X11; Linux x86_64; rv:2.0b8pre) Gecko/20101011 Firefox/4.0b8pre" "redlug.com"
31.184.238.174 - - [02/Feb/2016:02:41:43 -0800] "GET /logs/access.log HTTP/1.1" 200 132398 "http://gravatar.com/buyprimidone250mgonline2015" "Mozilla/5.0 (Windows NT 6.1; WOW64) AppleWebKit/537.36 (KHTML, like Gecko) Chrome/32.0.1700.107 Safari/537.36" "redlug.com"
31.184.238.174 - - [02/Feb/2016:02:47:27 -0800] "GET /logs/access.log HTTP/1.1" 200 132664 "http://caclomid.forumcircle.com" "Mozilla/5.0 (Windows NT 6.1) AppleWebKit/537.36 (KHTML, like Gecko) Chrome/30.0.1599.12785 YaBrowser/13.12.1599.12785 Safari/537.36" "redlug.com"
178.211.187.178 - - [02/Feb/2016:02:47:29 -0800] "GET /logs/access.log HTTP/1.1" 200 132936 "http://redlug.com/logs/access.log" "Mozilla/4.0 (compatible; MSIE 6.0; Windows NT 5.1; TheFreeDictionary.com; .NET CLR 1.1.4322; .NET CLR 1.0.3705; .NET CLR 2.0.50727)" "redlug.com"
31.184.238.174 - - [02/Feb/2016:02:48:28 -0800] "GET /logs/access.log HTTP/1.1" 200 133211 "http://gravatar.com/makomatleversimp" "Mozilla/5.0 (Windows NT 6.3; WOW64) AppleWebKit/537.36 (KHTML, like Gecko) Chrome/32.0.1700.107 Safari/537.36" "redlug.com"
90.224.66.36 - - [02/Feb/2016:02:48:35 -0800] "GET /cwi.css HTTP/1.1" 404 73 "http://redlug.com/Documents/Springsteen.htm" "Mozilla/5.0 (X11; Ubuntu; Linux i686; rv:43.0) Gecko/20100101 Firefox/43.0" "redlug.com"
178.211.187.178 - - [02/Feb/2016:02:50:44 -0800] "GET /logs/access.log HTTP/1.1" 200 133679 "http://buylisinopril.shop-pills.net/?p=4914" "Mozilla/4.0 (compatible; MSIE 6.0; Windows NT 5.1; SV1; MRA 4.6 (build 01425); MRSPUTNIK 1, 5, 0, 19 SW)" "redlug.com"
192.187.100.154 - - [02/Feb/2016:02:50:50 -0800] "GET /logs/access.log HTTP/1.1" 200 16539 "http://redlug.com/" "Mozilla/5.0 (Windows NT 6.0; rv:34.0) Gecko/20100101 Firefox/34.0" "redlug.com"
178.211.187.178 - - [02/Feb/2016:02:51:03 -0800] "GET /logs/access.log HTTP/1.1" 200 134130 "http://buylisinopril.shop-pills.net/?p=4914" "Mozilla/4.0 (compatible; MSIE 6.0; Windows NT 5.1; SV1)" "redlug.com"
87.38.20.2 - - [02/Feb/2016:02:51:55 -0800] "GET / HTTP/1.1" 200 1273 "-" "Mozilla/5.0 (iPad; CPU OS 9_2_1 like Mac OS X) AppleWebKit/601.1.46 (KHTML, like Gecko) Version/9.0 Mobile/13D15 Safari/601.1" "redlug.com"
31.184.238.174 - - [02/Feb/2016:02:54:12 -0800] "GET /logs/access.log HTTP/1.1" 200 134554 "http://buyvenlafaxine75mgquickdelivery.greatwebsitebuilder.com" "Mozilla/5.0 (Windows NT 6.1; WOW64) AppleWebKit/537.36 (KHTML, like Gecko) Chrome/33.0.1750.117 Safari/537.36" "redlug.com"
201.172.194.97 - - [02/Feb/2016:02:54:48 -0800] "GET /logs/access.log HTTP/1.1" 200 16616 "http://redlug.com/" "Mozilla/5.0 (Windows NT 6.0; rv:34.0) Gecko/20100101 Firefox/34.0" "redlug.com"
201.172.194.97 - - [02/Feb/2016:02:54:49 -0800] "GET / HTTP/1.1" 200 1273 "http://redlug.com/" "Mozilla/5.0 (Windows NT 6.0; rv:34.0) Gecko/20100101 Firefox/34.0" "redlug.com"
31.184.238.174 - - [02/Feb/2016:02:55:13 -0800] "GET /logs/access.log HTTP/1.1" 200 135203 "http://precose25mg8n.forumcircle.com" "Mozilla/5.0 (Windows NT 6.1; WOW64) AppleWebKit/537.36 (KHTML, like Gecko) Chrome/33.0.1750.146 Safari/537.36" "redlug.com"
201.172.194.97 - - [02/Feb/2016:02:55:20 -0800] "GET /suggest-listing.php HTTP/1.1" 404 88 "http://redlug.com" "Mozilla/5.0 (Windows NT 6.0; rv:34.0) Gecko/20100101 Firefox/34.0" "redlug.com"
192.187.100.154 - - [02/Feb/2016:02:59:08 -0800] "GET /logs/access.log HTTP/1.1" 200 16681 "http://redlug.com/" "Mozilla/5.0 (Windows NT 6.0; rv:34.0) Gecko/20100101 Firefox/34.0" "redlug.com"
212.92.232.129 - - [02/Feb/2016:02:59:56 -0800] "GET /logs/access_130930.log HTTP/1.1" 404 73 "http://misotrol.brushd.com/" "Mozilla/5.0 (Windows NT 5.1) AppleWebKit/535.19 (KHTML, like Gecko) Chrome/18.0.1025.1634 Safari/535.19 YI" "redlug.com"
212.92.232.129 - - [02/Feb/2016:02:59:57 -0800] "GET /logs/access_130930.log HTTP/1.1" 404 73 "http://misotrol.brushd.com/" "Mozilla/5.0 (Windows NT 6.1; WOW64) AppleWebKit/535.12 (KHTML, like Gecko) Maxthon/3.0 Chrome/18.0.966.0 Safari/535.12" "redlug.com"
212.92.232.129 - - [02/Feb/2016:02:59:59 -0800] "GET /access_130930.log HTTP/1.1" 404 73 "http://misotrol.brushd.com/" "Mozilla/5.0 (Windows NT 6.1; WOW64) AppleWebKit/535.12 (KHTML, like Gecko) Maxthon/3.0 Chrome/18.0.966.0 Safari/535.12" "redlug.com"
212.92.232.129 - - [02/Feb/2016:03:00:02 -0800] "GET /logs/access_130930.log HTTP/1.1" 404 73 "http://misotrol.brushd.com/" "Opera/9.80 (Windows NT 6.1; MRA 6.0 (build 5976)) Presto/2.12.388 Version/12.10" "redlug.com"
212.92.232.129 - - [02/Feb/2016:03:00:04 -0800] "GET /access_130930.log HTTP/1.1" 404 73 "http://misotrol.brushd.com/" "Opera/9.80 (Windows NT 6.1; MRA 6.0 (build 5976)) Presto/2.12.388 Version/12.10" "redlug.com"
212.92.232.129 - - [02/Feb/2016:03:00:05 -0800] "GET /logs/access_130930.log HTTP/1.1" 404 73 "http://misotrol.brushd.com/" "Mozilla/5.0 (Windows NT 5.1; rv:15.0) Gecko/20100101 Firefox/15.0" "redlug.com"
212.92.232.129 - - [02/Feb/2016:03:00:06 -0800] "GET /access_130930.log HTTP/1.1" 404 73 "http://misotrol.brushd.com/" "Mozilla/5.0 (Windows NT 5.1; rv:15.0) Gecko/20100101 Firefox/15.0" "redlug.com"
31.184.238.174 - - [02/Feb/2016:03:00:59 -0800] "GET /logs/access.log HTTP/1.1" 200 137438 "http://rjalbuterol2mg.over-blog.com/2014/04/buy-albuterol-online-buy-real-albuterol-online-forum.html" "Mozilla/5.0 (Windows NT 6.2; WOW64) AppleWebKit/537.36 (KHTML, like Gecko) Chrome/32.0.1700.107 Safari/537.36" "redlug.com"
85.31.138.205 - - [02/Feb/2016:03:01:26 -0800] "GET /images/0503BelfastYaW2.jpg HTTP/1.1" 200 30391 "-" "Mozilla/5.0 (Windows NT 6.1; WOW64; Trident/7.0; rv:11.0) like Gecko" "redlug.com"
31.184.238.174 - - [02/Feb/2016:03:02:01 -0800] "GET /logs/access.log HTTP/1.1" 200 137946 "http://gravatar.com/actosanr" "Mozilla/5.0 (Windows NT 6.1; WOW64) AppleWebKit/537.36 (KHTML, like Gecko) Chrome/32.0.1700.107 Safari/537.36 OPR/19.0.1326.63" "redlug.com"
178.211.187.178 - - [02/Feb/2016:03:02:57 -0800] "GET /logs/access.log HTTP/1.1" 200 138210 "http://buyDiflucan.shop-pills.net/?p=2422" "Mozilla/4.0 (compatible; MSIE 6.0; Windows NT 5.1; SV1; .NET CLR 1.1.4322; XMPP Tiscali Communicator v.10.0.2; .NET CLR 2.0.50727)" "redlug.com"
178.211.187.178 - - [02/Feb/2016:03:03:24 -0800] "GET /logs/access.log HTTP/1.1" 200 138492 "http://buyDiflucan.shop-pills.net/?p=2422" "Mozilla/4.0 (compatible; MSIE 6.0; Windows NT 5.2; SV1; .NET CLR 1.1.4322; .NET CLR 2.0.50727)" "redlug.com"
178.211.187.178 - - [02/Feb/2016:03:03:26 -0800] "GET /logs/access.log HTTP/1.1" 200 138738 "http://buyDiflucan.shop-pills.net/?p=2422" "Mozilla/5.0 (Windows NT 5.1; U; en) Opera 8.00" "redlug.com"
178.211.187.178 - - [02/Feb/2016:03:03:27 -0800] "GET /logs/access.log HTTP/1.1" 200 138492 "http://buyDiflucan.shop-pills.net/?p=2422" "Mozilla/4.0 (compatible; MSIE 6.0; Windows NT 5.1)" "redlug.com"
178.211.187.178 - - [02/Feb/2016:03:03:27 -0800] "GET /logs/access.log HTTP/1.1" 200 139138 "http://buyDiflucan.shop-pills.net/?p=2422" "Mozilla/4.0 (compatible; MSIE 5.5; Windows 95; BCD2000)" "redlug.com"
123.125.71.81 - - [02/Feb/2016:03:04:05 -0800] "GET /YaW/ HTTP/1.1" 200 757 "-" "Mozilla/5.0 (compatible; Baiduspider/2.0; +http://www.baidu.com/search/spider.html)" "redlug.com"
77.37.240.57 - - [02/Feb/2016:03:04:48 -0800] "GET /logs/access.log HTTP/1.1" 200 139524 "http://olegon.ru/showthread.php?t=6546" "Mozilla/5.0 (Windows; U; Windows NT 6.0; en-US; rv:1.9.0.17) Gecko/200912217 http://olegon.ru (.NET CLR 3.5.30729)" "redlug.com"
201.166.193.68 - - [02/Feb/2016:03:04:23 -0800] "GET /logs/access_150124.log HTTP/1.1" 200 1748746 "http://redlug.com/" "Mozilla/5.0 (Windows NT 6.0; rv:34.0) Gecko/20100101 Firefox/34.0" "redlug.com"
77.37.240.57 - - [02/Feb/2016:03:04:54 -0800] "GET /logs/access.log HTTP/1.1" 200 139985 "http://inima.ru/contacts/" "Mozilla/5.0 (Windows; U; Windows NT 6.0; en-US; rv:1.9.0.17) Gecko/200912217 http://inima.ru (.NET CLR 3.5.30729)" "redlug.com"
201.166.193.68 - - [02/Feb/2016:03:04:56 -0800] "GET /wp-login.php?action=register HTTP/1.1" 404 88 "http://redlug.com/" "Opera/9.80 (Windows NT 6.2; Win64; x64) Presto/2.12.388 Version/12.17" "redlug.com"
201.166.193.68 - - [02/Feb/2016:03:04:57 -0800] "GET /wp-login.php?action=register HTTP/1.1" 404 88 "http://redlug.com/wp-login.php?action=register" "Opera/9.80 (Windows NT 6.2; Win64; x64) Presto/2.12.388 Version/12.17" "redlug.com"
201.166.193.68 - - [02/Feb/2016:03:04:59 -0800] "GET /logs/access_150124.log HTTP/1.1" 200 1635402 "http://tinyurl.com/788b289c0ff493ad26fcc2cb97eb89f1" "PHP/5.{3|2}.{1|2|3|4|5|6|7|8|9|0}{1|2|3|4|5|6|7|8|9|0}" "redlug.com"
149.202.74.134 - - [02/Feb/2016:03:07:22 -0800] "GET /robots.txt HTTP/1.1" 200 53 "-" "Mozilla/5.0 (Windows NT 10.0; WOW64) AppleWebKit/537.36 (KHTML, like Gecko) Chrome/40.0.2214.91 Safari/537.36" "redlug.com"
31.184.238.174 - - [02/Feb/2016:03:08:48 -0800] "GET /logs/access.log HTTP/1.1" 200 141105 "http://amantadine100mgn2.forumcircle.com" "Mozilla/5.0 (Windows NT 6.1; WOW64; rv:27.0) Gecko/20100101 Firefox/27.0" "redlug.com"
151.236.56.190 - - [02/Feb/2016:03:11:26 -0800] "GET /logs/access.log HTTP/1.1" 200 17380 "http://redlug.com/" "Mozilla/5.0 (Windows NT 6.0; rv:34.0) Gecko/20100101 Firefox/34.0" "redlug.com"
151.236.56.190 - - [02/Feb/2016:03:11:27 -0800] "GET /wp-login.php?action=register HTTP/1.1" 404 88 "http://redlug.com/" "Opera/9.80 (Windows NT 6.2; Win64; x64) Presto/2.12.388 Version/12.17" "redlug.com"
151.236.56.190 - - [02/Feb/2016:03:11:27 -0800] "GET /wp-login.php?action=register HTTP/1.1" 404 88 "http://redlug.com/wp-login.php?action=register" "Opera/9.80 (Windows NT 6.2; Win64; x64) Presto/2.12.388 Version/12.17" "redlug.com"
151.236.56.190 - - [02/Feb/2016:03:11:27 -0800] "GET / HTTP/1.1" 200 1273 "http://redlug.com/" "Opera/9.80 (Windows NT 6.2; Win64; x64) Presto/2.12.388 Version/12.17" "redlug.com"
151.236.56.190 - - [02/Feb/2016:03:11:28 -0800] "GET /suggest-listing.php HTTP/1.1" 404 88 "http://redlug.com" "Opera/9.80 (Windows NT 6.2; Win64; x64) Presto/2.12.388 Version/12.17" "redlug.com"
75.127.11.156 - - [02/Feb/2016:03:11:38 -0800] "GET /wp-login.php?action=register HTTP/1.1" 404 88 "http://redlug.com/" "Opera/9.80 (Windows NT 6.2; Win64; x64) Presto/2.12.388 Version/12.17" "redlug.com"
75.127.11.156 - - [02/Feb/2016:03:11:38 -0800] "GET /wp-login.php?action=register HTTP/1.1" 404 88 "http://redlug.com/wp-login.php?action=register" "Opera/9.80 (Windows NT 6.2; Win64; x64) Presto/2.12.388 Version/12.17" "redlug.com"
75.127.11.156 - - [02/Feb/2016:03:11:38 -0800] "GET /logs/access.log HTTP/1.1" 200 17431 "http://redlug.com/" "Opera/9.80 (Windows NT 6.2; Win64; x64) Presto/2.12.388 Version/12.17" "redlug.com"
75.127.11.156 - - [02/Feb/2016:03:11:38 -0800] "GET / HTTP/1.1" 200 1273 "http://redlug.com/" "Opera/9.80 (Windows NT 6.2; Win64; x64) Presto/2.12.388 Version/12.17" "redlug.com"
75.127.11.156 - - [02/Feb/2016:03:11:39 -0800] "GET /suggest-listing.php HTTP/1.1" 404 88 "http://redlug.com" "Opera/9.80 (Windows NT 6.2; Win64; x64) Presto/2.12.388 Version/12.17" "redlug.com"
89.19.177.43 - - [02/Feb/2016:03:11:47 -0800] "GET / HTTP/1.1" 200 9589 "http://www.xolodremont.ru/remont_holodilnikov_na_domu.html" "Mozilla/5.0 (Windows NT 6.3; WOW64; rv:36.0) Gecko/20100101 Firefox/36.0" "redlug.com"
89.19.177.43 - - [02/Feb/2016:03:11:47 -0800] "GET / HTTP/1.1" 200 9589 "http://www.xolodremont.ru/remont_holodilnikov_na_domu.html" "Mozilla/5.0 (Windows NT 6.1) AppleWebKit/537.36 (KHTML, like Gecko) Chrome/41.0.2272.101 Safari/537.36" "redlug.com"
89.19.177.43 - - [02/Feb/2016:03:11:48 -0800] "GET / HTTP/1.1" 200 9589 "http://www.xolodremont.ru/remont_holodilnikov_na_domu.html" "Mozilla/5.0 (Windows NT 6.3; WOW64; rv:36.0) Gecko/20100101 Firefox/36.0" "redlug.com"
208.115.113.94 - - [02/Feb/2016:03:14:26 -0800] "GET /paper2004/0405Contents.htm HTTP/1.1" 200 5986 "-" "Mozilla/5.0 (compatible; DotBot/1.1; http://www.opensiteexplorer.org/dotbot, help@moz.com)" "redlug.com"
31.184.238.174 - - [02/Feb/2016:03:14:36 -0800] "GET /logs/access.log HTTP/1.1" 200 144245 "http://www.purevolume.com/orderwholesalecordarone200mgonline" "Mozilla/5.0 (Windows NT 6.1; WOW64) AppleWebKit/537.36 (KHTML, like Gecko) Chrome/33.0.1750.117 Safari/537.36 OPR/20.0.1387.64" "redlug.com"
104.168.36.146 - - [02/Feb/2016:03:15:00 -0800] "GET /logs/access.log HTTP/1.1" 200 17601 "http://redlug.com/" "Mozilla/5.0 (Windows NT 6.0; rv:34.0) Gecko/20100101 Firefox/34.0" "redlug.com"
104.168.36.146 - - [02/Feb/2016:03:15:05 -0800] "GET / HTTP/1.1" 200 1273 "http://redlug.com/" "Mozilla/5.0 (Windows NT 6.0; rv:34.0) Gecko/20100101 Firefox/34.0" "redlug.com"
104.168.36.146 - - [02/Feb/2016:03:15:07 -0800] "GET /suggest-listing.php HTTP/1.1" 404 88 "http://redlug.com" "Mozilla/5.0 (Windows NT 6.0; rv:34.0) Gecko/20100101 Firefox/34.0" "redlug.com"
31.184.238.174 - - [02/Feb/2016:03:15:38 -0800] "GET /logs/access.log HTTP/1.1" 200 145101 "http://www.theknot.com/wedding/prescription-and-primidone" "Mozilla/5.0 (Windows NT 6.1) AppleWebKit/537.36 (KHTML, like Gecko) Chrome/30.0.1599.12785 YaBrowser/13.12.1599.12785 Safari/537.36" "redlug.com"
52.192.235.184 - - [02/Feb/2016:03:21:21 -0800] "GET /wp-login.php HTTP/1.1" 404 73 "-" "Mozilla/5.0 (Windows NT 6.1; rv:31.0) Gecko/20100101 Firefox/31.0" "redlug.com"
52.192.235.184 - - [02/Feb/2016:03:21:22 -0800] "GET /administrator/ HTTP/1.1" 404 73 "-" "Mozilla/5.0 (Windows NT 6.1; rv:31.0) Gecko/20100101 Firefox/31.0" "redlug.com"
31.184.238.174 - - [02/Feb/2016:03:21:24 -0800] "GET /logs/access.log HTTP/1.1" 200 145739 "http://www.theknot.com/wedding/quick-and-eulexin" "Mozilla/5.0 (Windows NT 5.1; rv:26.0) Gecko/20100101 Firefox/26.0" "redlug.com"
211.143.146.230 - - [02/Feb/2016:03:22:25 -0800] "GET /logs/access.log HTTP/1.1" 200 17739 "http://redlug.com/" "Mozilla/5.0 (Windows NT 6.1) AppleWebKit/537.36 (KHTML, like Gecko) Chrome/39.0.2171.95 Safari/537.36 OPR/26.0.1656.60" "redlug.com"
211.143.146.230 - - [02/Feb/2016:03:23:05 -0800] "GET /wp-login.php?action=register HTTP/1.1" 404 88 "http://redlug.com/" "Opera/9.80 (Windows NT 6.2; Win64; x64) Presto/2.12.388 Version/12.17" "redlug.com"
58.20.232.239 - - [02/Feb/2016:03:23:12 -0800] "GET /wp-login.php?action=register HTTP/1.1" 404 73 "http://redlug.com/wp-login.php?action=register" "Opera/9.80 (Windows NT 6.2; Win64; x64) Presto/2.12.388 Version/12.17" "redlug.com"
58.20.232.239 - - [02/Feb/2016:03:23:14 -0800] "GET /logs/access.log HTTP/1.1" 200 146648 "http://redlug.com/" "Opera/9.80 (Windows NT 6.2; Win64; x64) Presto/2.12.388 Version/12.17" "redlug.com"
58.20.232.239 - - [02/Feb/2016:03:23:46 -0800] "GET / HTTP/1.1" 200 9589 "http://redlug.com/" "Opera/9.80 (Windows NT 6.2; Win64; x64) Presto/2.12.388 Version/12.17" "redlug.com"
212.92.232.129 - - [02/Feb/2016:03:23:47 -0800] "GET /logs/access_130930.log HTTP/1.1" 404 73 "http://misotrol.brushd.com/" "Mozilla/5.0 (Windows NT 5.2; rv:12.0) Gecko/20100101 Firefox/12.0" "redlug.com"
212.92.232.129 - - [02/Feb/2016:03:23:47 -0800] "GET /logs/access_130930.log HTTP/1.1" 404 73 "http://misotrol.brushd.com/" "Opera/9.80 (Windows NT 5.1; U; ru) Presto/2.10.289 Version/12.00" "redlug.com"
212.92.232.129 - - [02/Feb/2016:03:23:48 -0800] "GET /access_130930.log HTTP/1.1" 404 73 "http://misotrol.brushd.com/" "Opera/9.80 (Windows NT 5.1; U; ru) Presto/2.10.289 Version/12.00" "redlug.com"
212.92.232.129 - - [02/Feb/2016:03:23:48 -0800] "GET /logs/access_130930.log HTTP/1.1" 404 73 "http://misotrol.brushd.com/" "Mozilla/5.0 (Windows NT 6.2; WOW64) AppleWebKit/537.11 (KHTML, like Gecko) Chrome/23.0.1271.64 Safari/537.11" "redlug.com"
212.92.232.129 - - [02/Feb/2016:03:23:49 -0800] "GET /access_130930.log HTTP/1.1" 404 73 "http://misotrol.brushd.com/" "Mozilla/5.0 (Windows NT 6.2; WOW64) AppleWebKit/537.11 (KHTML, like Gecko) Chrome/23.0.1271.64 Safari/537.11" "redlug.com"
58.20.232.239 - - [02/Feb/2016:03:23:50 -0800] "GET /suggest-listing.php HTTP/1.1" 404 73 "http://redlug.com" "Opera/9.80 (Windows NT 6.2; Win64; x64) Presto/2.12.388 Version/12.17" "redlug.com"
212.92.232.129 - - [02/Feb/2016:03:23:50 -0800] "GET /logs/access_130930.log HTTP/1.1" 404 73 "http://misotrol.brushd.com/" "Opera/9.80 (Windows NT 6.1; WOW64; MRA 6.0 (build 5998)) Presto/2.12.388 Version/12.10" "redlug.com"
212.92.232.129 - - [02/Feb/2016:03:23:51 -0800] "GET /access_130930.log HTTP/1.1" 404 73 "http://misotrol.brushd.com/" "Opera/9.80 (Windows NT 6.1; WOW64; MRA 6.0 (build 5998)) Presto/2.12.388 Version/12.10" "redlug.com"
31.184.238.174 - - [02/Feb/2016:03:28:10 -0800] "GET /logs/access.log HTTP/1.1" 200 148764 "http://jwaroxithromycin.forumcircle.com" "Mozilla/5.0 (Windows NT 6.1; WOW64) AppleWebKit/537.36 (KHTML, like Gecko) Chrome/32.0.1700.102 Safari/537.36 OPR/19.0.1326.59" "redlug.com"
31.184.238.174 - - [02/Feb/2016:03:29:12 -0800] "GET /logs/access.log HTTP/1.1" 200 149039 "http://lamotrigine50mgan2.greatwebsitebuilder.com" "Mozilla/5.0 (Windows NT 5.1; rv:27.0) Gecko/20100101 Firefox/27.0" "redlug.com"
31.184.238.174 - - [02/Feb/2016:03:34:59 -0800] "GET /logs/access.log HTTP/1.1" 200 149263 "http://order-tamoxifen-20mg-cheap.tumblr.com" "Mozilla/5.0 (Windows NT 6.2; WOW64; rv:27.0) Gecko/20100101 Firefox/27.0" "redlug.com"
