79.110.28.154 - - [01/Feb/2016:21:21:08 -0800] "GET /logs/access.log HTTP/1.1" 200 6811 "http://redlug.com/" "Mozilla/5.0 (Windows NT 6.0; rv:34.0) Gecko/20100101 Firefox/34.0" "redlug.com"
199.21.99.196 - - [01/Feb/2016:21:22:23 -0800] "GET /logs/access_150128.log HTTP/1.1" 200 2185152 "-" "Mozilla/5.0 (compatible; YandexBot/3.0; +http://yandex.com/bots)" "redlug.com"
151.80.31.153 - - [01/Feb/2016:21:23:19 -0800] "GET /Socialist/0501Contents.htm HTTP/1.1" 200 1812 "-" "Mozilla/5.0 (compatible; AhrefsBot/5.0; +http://ahrefs.com/robot/)" "redlug.com"
46.118.116.135 - - [01/Feb/2016:21:24:21 -0800] "GET /LabHist/ HTTP/1.1" 200 9689 "http://mototsikl.org/" "Mozilla/4.0 (compatible; MSIE 6.0; AOL 9.0; Windows NT 5.1)" "redlug.com"
46.118.116.135 - - [01/Feb/2016:21:24:21 -0800] "GET /LabHist/ HTTP/1.1" 200 9689 "http://mototsikl.org/" "Mozilla/4.0 (compatible; MSIE 6.0; AOL 9.0; Windows NT 5.1)" "redlug.com"
31.184.238.174 - - [01/Feb/2016:21:24:40 -0800] "GET /logs/access.log HTTP/1.1" 200 50751 "http://gravatar.com/orlistat120mgft" "Mozilla/5.0 (Windows NT 6.3; WOW64) AppleWebKit/537.36 (KHTML, like Gecko) Chrome/32.0.1700.76 Safari/537.36" "redlug.com"
31.184.238.174 - - [01/Feb/2016:21:32:15 -0800] "GET /logs/access.log HTTP/1.1" 200 51003 "http://sulfasalazine-500mg-buy-online.snack.ws" "Mozilla/5.0 (Windows NT 6.0) AppleWebKit/537.36 (KHTML, like Gecko) Chrome/32.0.1700.107 Safari/537.36" "redlug.com"
31.184.238.174 - - [01/Feb/2016:21:33:30 -0800] "GET /logs/access.log HTTP/1.1" 200 51260 "http://www.purevolume.com/clindamycin150mgbuywithoutprescription" "Opera/9.80 (Windows NT 6.1) Presto/2.12.388 Version/12.16" "redlug.com"
62.210.113.241 - - [01/Feb/2016:21:34:38 -0800] "GET /logs/access.log HTTP/1.1" 200 7026 "http://redlug.com/" "Mozilla/5.0 (Windows NT 6.0; rv:34.0) Gecko/20100101 Firefox/34.0" "redlug.com"
192.187.100.154 - - [01/Feb/2016:21:35:28 -0800] "GET /logs/access.log HTTP/1.1" 200 7039 "http://redlug.com/" "Mozilla/5.0 (Windows NT 5.1; rv:35.0) Gecko/20100101 Firefox/35.0" "redlug.com"
91.116.246.72 - - [01/Feb/2016:21:36:11 -0800] "GET /logs/access.log HTTP/1.1" 200 51873 "-" "Mozilla/5.0 (X11; Linux x86_64; rv:2.0b8pre) Gecko/20101011 Firefox/4.0b8pre" "redlug.com"
212.92.232.129 - - [01/Feb/2016:21:36:47 -0800] "GET /logs/access_130930.log HTTP/1.1" 404 73 "http://sibutramine.centerblog.net/" "Mozilla/5.0 (Windows NT 5.1; rv:17.0) Gecko/17.0 Firefox/17.0" "redlug.com"
212.92.232.129 - - [01/Feb/2016:21:36:48 -0800] "GET /logs/access_130930.log HTTP/1.1" 404 73 "http://sibutramine.centerblog.net/" "Mozilla/5.0 (Macintosh; Intel Mac OS X 10_8_2) AppleWebKit/537.11 (KHTML, like Gecko) Chrome/23.0.1271.95 Safari/537.11" "redlug.com"
212.92.232.129 - - [01/Feb/2016:21:36:50 -0800] "GET /access_130930.log HTTP/1.1" 404 73 "http://sibutramine.centerblog.net/" "Mozilla/5.0 (Macintosh; Intel Mac OS X 10_8_2) AppleWebKit/537.11 (KHTML, like Gecko) Chrome/23.0.1271.95 Safari/537.11" "redlug.com"
212.92.232.129 - - [01/Feb/2016:21:36:51 -0800] "GET /logs/access_130930.log HTTP/1.1" 404 73 "http://sibutramine.centerblog.net/" "Opera/9.80 (Windows NT 6.1; MRA 6.0 (build 5970)) Presto/2.12.388 Version/12.10" "redlug.com"
212.92.232.129 - - [01/Feb/2016:21:36:56 -0800] "GET /access_130930.log HTTP/1.1" 404 73 "http://sibutramine.centerblog.net/" "Opera/9.80 (Windows NT 6.1; MRA 6.0 (build 5970)) Presto/2.12.388 Version/12.10" "redlug.com"
5.62.156.45 - - [01/Feb/2016:21:37:21 -0800] "GET /logs/access.log HTTP/1.1" 200 7207 "http://redlug.com/" "Mozilla/5.0 (Windows NT 6.0; rv:34.0) Gecko/20100101 Firefox/34.0" "redlug.com"
31.184.238.174 - - [01/Feb/2016:21:41:08 -0800] "GET /logs/access.log HTTP/1.1" 200 53428 "http://www.purevolume.com/rebetol200mgorder73899" "Mozilla/5.0 (Windows NT 6.1; WOW64) AppleWebKit/537.36 (KHTML, like Gecko) Chrome/32.0.1700.102 Safari/537.36" "redlug.com"
62.210.113.241 - - [01/Feb/2016:21:41:46 -0800] "GET /logs/access.log HTTP/1.1" 200 7257 "http://redlug.com/" "Mozilla/5.0 (Windows NT 6.0; rv:34.0) Gecko/20100101 Firefox/34.0" "redlug.com"
62.210.113.241 - - [01/Feb/2016:21:41:48 -0800] "GET /Documents/Ali.htm HTTP/1.1" 200 8450 "http://redlug.com/logs/access.log" "Mozilla/5.0 (Windows NT 6.0; rv:34.0) Gecko/20100101 Firefox/34.0" "redlug.com"
180.76.15.14 - - [01/Feb/2016:21:44:58 -0800] "GET /logs/access_141230.log HTTP/1.1" 200 759104 "-" "Mozilla/5.0 (compatible; Baiduspider/2.0; +http://www.baidu.com/search/spider.html)" "www.redlug.com"
180.76.15.30 - - [01/Feb/2016:21:45:08 -0800] "GET /logs/access_141230.log HTTP/1.1" 200 1379786 "-" "Mozilla/5.0 (compatible; Baiduspider/2.0; +http://www.baidu.com/search/spider.html)" "www.redlug.com"
212.120.223.48 - - [01/Feb/2016:21:45:15 -0800] "GET /logs/access.log HTTP/1.1" 200 7323 "http://redlug.com/" "Mozilla/5.0 (Windows NT 6.0; rv:34.0) Gecko/20100101 Firefox/34.0" "redlug.com"
31.184.238.174 - - [01/Feb/2016:21:47:30 -0800] "GET /logs/access.log HTTP/1.1" 200 54691 "http://gravatar.com/sildenafilcitrate120mg2l" "Mozilla/5.0 (Windows NT 6.1) AppleWebKit/537.36 (KHTML, like Gecko) Chrome/32.0.1700.102 Safari/537.36" "redlug.com"
62.210.113.241 - - [01/Feb/2016:21:47:35 -0800] "GET /logs/access.log HTTP/1.1" 200 7373 "http://redlug.com/" "Mozilla/5.0 (Windows NT 6.0; rv:34.0) Gecko/20100101 Firefox/34.0" "redlug.com"
62.210.113.241 - - [01/Feb/2016:21:47:36 -0800] "GET /Documents/Ali.htm HTTP/1.1" 200 8450 "http://redlug.com/logs/access.log" "Mozilla/5.0 (Windows NT 6.0; rv:34.0) Gecko/20100101 Firefox/34.0" "redlug.com"
31.184.238.174 - - [01/Feb/2016:21:48:44 -0800] "GET /logs/access.log HTTP/1.1" 200 55345 "http://outolterodine.over-blog.com/2014/04/buy-tolterodine-2mg-low-price-tolterodine-can-you-buy-online.html" "Opera/9.80 (Windows NT 5.1) Presto/2.12.388 Version/12.16" "redlug.com"
100.43.81.135 - - [01/Feb/2016:21:48:47 -0800] "GET /logs/access_141220.log HTTP/1.1" 200 2237404 "-" "Mozilla/5.0 (compatible; YandexBot/3.0; +http://yandex.com/bots)" "redlug.com"
62.210.113.241 - - [01/Feb/2016:21:48:52 -0800] "GET /logs/access.log HTTP/1.1" 200 7467 "http://redlug.com/" "Mozilla/5.0 (Windows NT 6.0; rv:34.0) Gecko/20100101 Firefox/34.0" "redlug.com"
62.210.113.241 - - [01/Feb/2016:21:48:53 -0800] "GET /Documents/Ali.htm HTTP/1.1" 200 8451 "http://redlug.com/logs/access.log" "Mozilla/5.0 (Windows NT 6.0; rv:34.0) Gecko/20100101 Firefox/34.0" "redlug.com"
23.105.180.53 - - [01/Feb/2016:21:54:49 -0800] "GET /logs/access.log HTTP/1.1" 200 7488 "http://redlug.com/" "Mozilla/5.0 (Windows NT 5.1; rv:35.0) Gecko/20100101 Firefox/35.0" "redlug.com"
157.55.2.145 - - [01/Feb/2016:21:58:54 -0800] "GET /cwi.css HTTP/1.1" 404 88 "http://www.redlug.com/Documents/Ali.htm" "Mozilla/5.0 (iPhone; CPU iPhone OS 7_0 like Mac OS X) AppleWebKit/537.51.1 (KHTML, like Gecko) Version/7.0 Mobile/11A465 Safari/9537.53 BingPreview/1.0b" "www.redlug.com"
31.184.238.174 - - [01/Feb/2016:22:02:43 -0800] "GET /logs/access.log HTTP/1.1" 200 56681 "http://www.theknot.com/wedding/sumycin-and-delivery" "Opera/9.80 (Windows NT 6.1; WOW64) Presto/2.12.388 Version/12.15" "redlug.com"
77.37.240.57 - - [01/Feb/2016:22:03:27 -0800] "GET /logs/access.log HTTP/1.1" 200 56905 "http://olegon.ru/showthread.php?t=6546" "Mozilla/5.0 (Windows; U; Windows NT 6.0; en-US; rv:1.9.0.17) Gecko/200912217 http://olegon.ru (.NET CLR 3.5.30729)" "redlug.com"
77.37.240.57 - - [01/Feb/2016:22:03:32 -0800] "GET /logs/access.log HTTP/1.1" 200 57164 "http://inima.ru/contacts/" "Mozilla/5.0 (Windows; U; Windows NT 6.0; en-US; rv:1.9.0.17) Gecko/200912217 http://inima.ru (.NET CLR 3.5.30729)" "redlug.com"
40.77.171.0 - - [01/Feb/2016:22:07:23 -0800] "GET /images/QUBAntiFascism031112.jpg HTTP/1.1" 200 15209 "-" "Mozilla/5.0 (Windows NT 6.1; WOW64) AppleWebKit/534+ (KHTML, like Gecko) BingPreview/1.0b" "redlug.com"
192.187.100.154 - - [01/Feb/2016:22:07:53 -0800] "GET /logs/access.log HTTP/1.1" 200 7686 "http://redlug.com/" "Mozilla/5.0 (Windows NT 5.1; rv:35.0) Gecko/20100101 Firefox/35.0" "redlug.com"
31.184.238.174 - - [01/Feb/2016:22:10:19 -0800] "GET /logs/access.log HTTP/1.1" 200 57813 "http://aerovent-buy-cheap.snack.ws" "Opera/9.80 (Windows NT 6.1; WOW64) Presto/2.12.388 Version/12.16" "redlug.com"
62.210.113.241 - - [01/Feb/2016:22:10:51 -0800] "GET /logs/access.log HTTP/1.1" 200 7724 "http://redlug.com/" "Mozilla/5.0 (Windows NT 6.0; rv:34.0) Gecko/20100101 Firefox/34.0" "redlug.com"
62.210.113.241 - - [01/Feb/2016:22:10:53 -0800] "GET /Documents/Ali.htm HTTP/1.1" 200 8451 "http://redlug.com/logs/access.log" "Mozilla/5.0 (Windows NT 6.0; rv:34.0) Gecko/20100101 Firefox/34.0" "redlug.com"
31.184.238.174 - - [01/Feb/2016:22:11:32 -0800] "GET /logs/access.log HTTP/1.1" 200 58419 "http://www.purevolume.com/wholesaletricorbuyonline" "Mozilla/5.0 (Windows NT 6.1) AppleWebKit/537.36 (KHTML, like Gecko) Chrome/30.0.1599.13014 YaBrowser/13.12.1599.13014 Safari/537.36" "redlug.com"
212.92.232.129 - - [01/Feb/2016:22:11:58 -0800] "GET /logs/access_130930.log HTTP/1.1" 404 73 "https://www.ymlp.com/zMAg6J" "Mozilla/5.0 (Windows NT 5.1) AppleWebKit/537.4 (KHTML, like Gecko) Chrome/22.0.1229.79 Safari/537.4" "redlug.com"
212.92.232.129 - - [01/Feb/2016:22:11:59 -0800] "GET /logs/access_130930.log HTTP/1.1" 404 73 "https://www.ymlp.com/zMAg6J" "Opera/9.80 (Windows NT 6.1) Presto/2.12.388 Version/12.11" "redlug.com"
212.92.232.129 - - [01/Feb/2016:22:12:01 -0800] "GET /access_130930.log HTTP/1.1" 404 73 "https://www.ymlp.com/zMAg6J" "Opera/9.80 (Windows NT 6.1) Presto/2.12.388 Version/12.11" "redlug.com"
212.92.232.129 - - [01/Feb/2016:22:12:02 -0800] "GET /logs/access_130930.log HTTP/1.1" 404 73 "https://www.ymlp.com/zMAg6J" "Opera/9.80 (Windows NT 6.1; U; ru) Presto/2.10.229 Version/11.61" "redlug.com"
212.92.232.129 - - [01/Feb/2016:22:12:11 -0800] "GET /logs/access_130930.log HTTP/1.1" 404 73 "https://www.ymlp.com/zMAg6J" "Mozilla/5.0 (Windows NT 6.1; Win64; x64; rv:11.0) Gecko/20120313 Firefox/11.0" "redlug.com"
212.92.232.129 - - [01/Feb/2016:22:12:13 -0800] "GET /access_130930.log HTTP/1.1" 404 73 "https://www.ymlp.com/zMAg6J" "Mozilla/5.0 (Windows NT 6.1; Win64; x64; rv:11.0) Gecko/20120313 Firefox/11.0" "redlug.com"
199.21.99.196 - - [01/Feb/2016:22:12:28 -0800] "GET /logs/access_150225.log HTTP/1.1" 200 3103024 "-" "Mozilla/5.0 (compatible; YandexBot/3.0; +http://yandex.com/bots)" "redlug.com"
157.55.39.91 - - [01/Feb/2016:22:14:55 -0800] "GET /Assorted/WorldCupSex.htm HTTP/1.1" 200 5255 "-" "Mozilla/5.0 (compatible; bingbot/2.0; +http://www.bing.com/bingbot.htm)" "redlug.com"
192.187.100.154 - - [01/Feb/2016:22:15:08 -0800] "GET /logs/access.log HTTP/1.1" 200 7981 "http://redlug.com/" "Mozilla/5.0 (Windows NT 5.1; rv:35.0) Gecko/20100101 Firefox/35.0" "redlug.com"
178.19.111.195 - - [01/Feb/2016:22:16:55 -0800] "GET /logs/access.log HTTP/1.1" 200 7994 "http://redlug.com/" "Mozilla/5.0 (Windows NT 5.1; rv:35.0) Gecko/20100101 Firefox/35.0" "redlug.com"
31.184.238.174 - - [01/Feb/2016:22:17:54 -0800] "GET /logs/access.log HTTP/1.1" 200 60722 "http://www.purevolume.com/orderdiscountcleocin300mg" "Mozilla/5.0 (Windows NT 6.1) AppleWebKit/537.36 (KHTML, like Gecko) Chrome/32.0.1700.76 Safari/537.36" "redlug.com"
189.219.190.251 - - [01/Feb/2016:22:18:33 -0800] "GET /logs/access.log HTTP/1.1" 200 8053 "http://redlug.com/" "Mozilla/5.0 (Windows NT 5.1; rv:35.0) Gecko/20100101 Firefox/35.0" "redlug.com"
31.184.238.174 - - [01/Feb/2016:22:19:08 -0800] "GET /logs/access.log HTTP/1.1" 200 61175 "http://gravatar.com/tyuethinylestradiol" "Mozilla/5.0 (Windows NT 6.1) AppleWebKit/537.36 (KHTML, like Gecko) Chrome/32.0.1700.76 Safari/537.36" "redlug.com"
195.182.157.214 - - [01/Feb/2016:22:20:31 -0800] "GET /O?B=lSDrx3NjOjVLjvE/1hFBOItykFHNyzEVgsoPi9L+HGbwElzbXS04haByzoEgqgb7/SaqF69h5MTf5oXrdpjxsYnNfW1pCQpbXZMU7wVwPjJhfoyt2sEvjvpqUUl3l2tAsF0rD9vEYwUX6ZUnMzVs1MrDDC6eYocr6IUPMS8Nqu0df5toZu9esHfN0MJIPwMMEaQsUeuX0vkBfljZ8M4NHyR70bUqq+DzVP0Ik+uvEYYBQ66j6vB+yvKrLPMUOkZ4fXMCpiDxTlNku/NwOOSYbINMX1KnlxAylV/c1+86wZlOKi/6LK134qpjJTa9WPI06amKoRALSumIOvEjY9UyUCR+qXltj+43GZ+21xZt5/hcicFV8WPhHYVCjkqQ6Sl7ySLFaBjLV1hyMGs9H/PYK1lzqAtskhT5EvQsHnpGBOAtDRzhzM8tD9pptFox3pTyIkiBPSZJIMfW5OIg+QuMBhbaTCrIDya0DDtouLr2jDpXWNiim5Rfn+SB7UBQCSmuY3vGc83achST9XnAucnlrprzuYkqA5ydeBIrmhn4H0cUEskcfmo6Xe3UZXYRBR0BmUvLxraM60D0Qoa4/IqMV1fIKtXxMqWDhRti1OJzqIGMqUWWvlk6YvIwzBbDMBweW5Jy4z/tvMESBMDzTE5RFpDaAQL3madMzPQVsi1IdEysuLM7JLBzlzvKSAF/NjPsJlTUeHewDmVqZuFUm0tBAi1ni3fiGhWPXiBlApCoQ0864IdR6syonHgkgCSbKzfOC+tJ4Us3A0DvYaEGb98ke5ZOiOZYT03uy/wD0PqzCVXi77xoiuV1Qwb/tFuL/D2KXfcvyBMrrB HTTP/1.1" 404 73 "-" "Mozilla/4.0 (compatible; MSIE 8.0; Win32)" "redlug.com"
195.182.157.214 - - [01/Feb/2016:22:20:34 -0800] "GET /G?p=mpDX7wmdh29vbyyve1EFeO1iGhpBG/5U7yA5BHuKykrRkRfQd4FamVty+Y4sPj6ieYsblj2sXDzM+OGyV26HXqKRsY2BxmYRmLMgrbc1D2t2bDX+63VsmNn HTTP/1.1" 404 73 "-" "Mozilla/4.0 (compatible; MSIE 8.0; Win32)" "redlug.com"
59.127.202.241 - - [01/Feb/2016:22:21:30 -0800] "GET /logs/access_160202.log HTTP/1.1" 200 1390632 "-" "Wget/1.14 (linux-gnu)" "redlug.com"
59.127.202.241 - - [01/Feb/2016:22:22:36 -0800] "GET /logs/access_160101.log HTTP/1.1" 200 1428460 "-" "Wget/1.14 (linux-gnu)" "redlug.com"
59.127.202.241 - - [01/Feb/2016:22:22:39 -0800] "GET /logs/access_160102.log HTTP/1.1" 200 469989 "-" "Wget/1.14 (linux-gnu)" "redlug.com"
59.127.202.241 - - [01/Feb/2016:22:22:41 -0800] "GET /logs/access_160103.log HTTP/1.1" 200 429411 "-" "Wget/1.14 (linux-gnu)" "redlug.com"
59.127.202.241 - - [01/Feb/2016:22:22:41 -0800] "GET /logs/access_160104.log HTTP/1.1" 200 429323 "-" "Wget/1.14 (linux-gnu)" "redlug.com"
59.127.202.241 - - [01/Feb/2016:22:22:42 -0800] "GET /logs/access_160105.log HTTP/1.1" 200 674326 "-" "Wget/1.14 (linux-gnu)" "redlug.com"
59.127.202.241 - - [01/Feb/2016:22:22:44 -0800] "GET /logs/access_160106.log HTTP/1.1" 200 585218 "-" "Wget/1.14 (linux-gnu)" "redlug.com"
59.127.202.241 - - [01/Feb/2016:22:22:46 -0800] "GET /logs/access_160107.log HTTP/1.1" 200 566152 "-" "Wget/1.14 (linux-gnu)" "redlug.com"
59.127.202.241 - - [01/Feb/2016:22:22:47 -0800] "GET /logs/access_160108.log HTTP/1.1" 200 426337 "-" "Wget/1.14 (linux-gnu)" "redlug.com"
59.127.202.241 - - [01/Feb/2016:22:22:49 -0800] "GET /logs/access_160109.log HTTP/1.1" 200 495282 "-" "Wget/1.14 (linux-gnu)" "redlug.com"
59.127.202.241 - - [01/Feb/2016:22:22:50 -0800] "GET /logs/access_160110.log HTTP/1.1" 200 534750 "-" "Wget/1.14 (linux-gnu)" "redlug.com"
59.127.202.241 - - [01/Feb/2016:22:22:51 -0800] "GET /logs/access_160111.log HTTP/1.1" 200 438564 "-" "Wget/1.14 (linux-gnu)" "redlug.com"
59.127.202.241 - - [01/Feb/2016:22:23:04 -0800] "GET /logs/access_160113.log HTTP/1.1" 200 2081932 "-" "Wget/1.14 (linux-gnu)" "redlug.com"
59.127.202.241 - - [01/Feb/2016:22:23:51 -0800] "GET /logs/access_160101.log HTTP/1.1" 200 1428460 "-" "Wget/1.14 (linux-gnu)" "redlug.com"
59.127.202.241 - - [01/Feb/2016:22:23:55 -0800] "GET /logs/access_160102.log HTTP/1.1" 200 469989 "-" "Wget/1.14 (linux-gnu)" "redlug.com"
59.127.202.241 - - [01/Feb/2016:22:23:56 -0800] "GET /logs/access_160103.log HTTP/1.1" 200 429411 "-" "Wget/1.14 (linux-gnu)" "redlug.com"
59.127.202.241 - - [01/Feb/2016:22:23:57 -0800] "GET /logs/access_160104.log HTTP/1.1" 200 429323 "-" "Wget/1.14 (linux-gnu)" "redlug.com"
59.127.202.241 - - [01/Feb/2016:22:23:58 -0800] "GET /logs/access_160105.log HTTP/1.1" 200 674326 "-" "Wget/1.14 (linux-gnu)" "redlug.com"
59.127.202.241 - - [01/Feb/2016:22:23:59 -0800] "GET /logs/access_160106.log HTTP/1.1" 200 585218 "-" "Wget/1.14 (linux-gnu)" "redlug.com"
59.127.202.241 - - [01/Feb/2016:22:24:00 -0800] "GET /logs/access_160107.log HTTP/1.1" 200 566152 "-" "Wget/1.14 (linux-gnu)" "redlug.com"
59.127.202.241 - - [01/Feb/2016:22:24:02 -0800] "GET /logs/access_160108.log HTTP/1.1" 200 426337 "-" "Wget/1.14 (linux-gnu)" "redlug.com"
59.127.202.241 - - [01/Feb/2016:22:24:04 -0800] "GET /logs/access_160110.log HTTP/1.1" 200 534750 "-" "Wget/1.14 (linux-gnu)" "redlug.com"
59.127.202.241 - - [01/Feb/2016:22:24:05 -0800] "GET /logs/access_160111.log HTTP/1.1" 200 438564 "-" "Wget/1.14 (linux-gnu)" "redlug.com"
59.127.202.241 - - [01/Feb/2016:22:24:06 -0800] "GET /logs/access_160112.log HTTP/1.1" 200 7282859 "-" "Wget/1.14 (linux-gnu)" "redlug.com"
59.127.202.241 - - [01/Feb/2016:22:24:39 -0800] "GET /logs/access_160116.log HTTP/1.1" 200 6348669 "-" "Wget/1.14 (linux-gnu)" "redlug.com"
59.127.202.241 - - [01/Feb/2016:22:24:48 -0800] "GET /logs/access_160117.log HTTP/1.1" 200 378998 "-" "Wget/1.14 (linux-gnu)" "redlug.com"
59.127.202.241 - - [01/Feb/2016:22:24:49 -0800] "GET /logs/access_160118.log HTTP/1.1" 200 321520 "-" "Wget/1.14 (linux-gnu)" "redlug.com"
59.127.202.241 - - [01/Feb/2016:22:24:50 -0800] "GET /logs/access_160119.log HTTP/1.1" 200 2522974 "-" "Wget/1.14 (linux-gnu)" "redlug.com"
59.127.202.241 - - [01/Feb/2016:22:24:54 -0800] "GET /logs/access_160120.log HTTP/1.1" 200 405237 "-" "Wget/1.14 (linux-gnu)" "redlug.com"
59.127.202.241 - - [01/Feb/2016:22:24:55 -0800] "GET /logs/access_160121.log HTTP/1.1" 200 5249792 "-" "Wget/1.14 (linux-gnu)" "redlug.com"
59.127.202.241 - - [01/Feb/2016:22:25:03 -0800] "GET /logs/access_160122.log HTTP/1.1" 200 413306 "-" "Wget/1.14 (linux-gnu)" "redlug.com"
59.127.202.241 - - [01/Feb/2016:22:25:16 -0800] "GET /logs/access_160124.log HTTP/1.1" 200 379153 "-" "Wget/1.14 (linux-gnu)" "redlug.com"
59.127.202.241 - - [01/Feb/2016:22:25:17 -0800] "GET /logs/access_160125.log HTTP/1.1" 200 481263 "-" "Wget/1.14 (linux-gnu)" "redlug.com"
59.127.202.241 - - [01/Feb/2016:22:25:18 -0800] "GET /logs/access_160126.log HTTP/1.1" 200 383877 "-" "Wget/1.14 (linux-gnu)" "redlug.com"
59.127.202.241 - - [01/Feb/2016:22:25:19 -0800] "GET /logs/access_160127.log HTTP/1.1" 200 3134745 "-" "Wget/1.14 (linux-gnu)" "redlug.com"
59.127.202.241 - - [01/Feb/2016:22:25:26 -0800] "GET /logs/access_160128.log HTTP/1.1" 200 1535666 "-" "Wget/1.14 (linux-gnu)" "redlug.com"
59.127.202.241 - - [01/Feb/2016:22:25:29 -0800] "GET /logs/access_160129.log HTTP/1.1" 200 512698 "-" "Wget/1.14 (linux-gnu)" "redlug.com"
31.184.238.174 - - [01/Feb/2016:22:25:31 -0800] "GET /logs/access.log HTTP/1.1" 200 67814 "http://www.theknot.com/wedding/synthroid-and-rx" "Mozilla/5.0 (Windows NT 6.1; WOW64) AppleWebKit/537.36 (KHTML, like Gecko) Chrome/30.0.1599.13014 YaBrowser/13.12.1599.13014 Safari/537.36" "redlug.com"
59.127.202.241 - - [01/Feb/2016:22:25:31 -0800] "GET /logs/access_160130.log HTTP/1.1" 200 1201220 "-" "Wget/1.14 (linux-gnu)" "redlug.com"
59.127.202.241 - - [01/Feb/2016:22:25:33 -0800] "GET /logs/access_160131.log HTTP/1.1" 200 456805 "-" "Wget/1.14 (linux-gnu)" "redlug.com"
31.184.238.174 - - [01/Feb/2016:22:26:46 -0800] "GET /logs/access.log HTTP/1.1" 200 68387 "http://lanyrd.com/profile/mih2840628406n-7676/bio/" "Mozilla/5.0 (Windows NT 6.1) AppleWebKit/537.36 (KHTML, like Gecko) Chrome/30.0.1599.13014 YaBrowser/13.12.1599.13014 Safari/537.36" "redlug.com"
101.222.167.198 - - [01/Feb/2016:22:29:32 -0800] "GET /pdf/che_sos.pdf HTTP/1.1" 304 - "http://www.google.co.in/url?sa=t&source=web&cd=4&rct=j&q=che%20guevara%20history%20pdf&ved=0ahUKEwiV3LDyudjKAhWIC44KHXxHBqkQFggjMAM&url=http%3A%2F%2Fredlug.com%2Fpdf%2Fche_sos.pdf&usg=AFQjCNHQalH8Psq1hYH3lSkgJKtXNsW2jA" "Mozilla/5.0 (Linux; U; Android 4.2.2; en-us; Karbonn Titanium X Build/JDQ39) AppleWebKit/534.30 (KHTML, like Gecko) Version/4.0 Mobile Safari/534.30" "redlug.com"
178.137.86.123 - - [01/Feb/2016:22:31:08 -0800] "GET /LabHist/ HTTP/1.1" 200 9689 "http://novgorod.xrus.org/" "Opera/7.60 (Windows NT 5.2; U)  [en] (IBM EVV/3.0/EAK01AG9/LE)" "redlug.com"
178.137.86.123 - - [01/Feb/2016:22:31:09 -0800] "GET /LabHist/ HTTP/1.1" 200 9689 "http://novgorod.xrus.org/" "Opera/7.60 (Windows NT 5.2; U)  [en] (IBM EVV/3.0/EAK01AG9/LE)" "redlug.com"
101.222.227.206 - - [01/Feb/2016:22:31:13 -0800] "GET /pdf/che_sos.pdf HTTP/1.1" 206 180872 "http://www.google.co.in/url?sa=t&source=web&cd=4&rct=j&q=che%20guevara%20history%20pdf&ved=0ahUKEwiV3LDyudjKAhWIC44KHXxHBqkQFggjMAM&url=http%3A%2F%2Fredlug.com%2Fpdf%2Fche_sos.pdf&usg=AFQjCNHQalH8Psq1hYH3lSkgJKtXNsW2jA" "Mozilla/5.0 (Linux; U; Android 4.2.2; en-us; Karbonn Titanium X Build/JDQ39) AppleWebKit/534.30 (KHTML, like Gecko) Version/4.0 Mobile Safari/534.30" "redlug.com"
178.137.86.123 - - [01/Feb/2016:22:31:14 -0800] "GET /LabHist/ HTTP/1.1" 200 9689 "http://krasivoe-hd.com/" "Opera/7.54 (Windows NT 5.1; U)  [pl]" "redlug.com"
178.137.86.123 - - [01/Feb/2016:22:31:16 -0800] "GET /LabHist/ HTTP/1.1" 200 9689 "http://krasivoe-hd.com/" "Opera/7.54 (Windows NT 5.1; U)  [pl]" "redlug.com"
5.62.153.46 - - [01/Feb/2016:22:32:08 -0800] "GET /logs/access.log HTTP/1.1" 200 70322 "http://redlug.com/" "Mozilla/5.0 (Windows NT 6.0; rv:34.0) Gecko/20100101 Firefox/34.0" "redlug.com"
68.98.120.45 - - [01/Feb/2016:22:32:49 -0800] "GET /logs/access.log HTTP/1.1" 200 10030 "https://www.google.com/" "Mozilla/5.0 (Macintosh; Intel Mac OS X 10_11_1) AppleWebKit/537.36 (KHTML, like Gecko) Chrome/48.0.2564.97 Safari/537.36" "redlug.com"
157.55.39.117 - - [01/Feb/2016:22:32:58 -0800] "GET /logs/access_150818.log HTTP/1.1" 200 2352528 "-" "Mozilla/5.0 (compatible; bingbot/2.0; +http://www.bing.com/bingbot.htm)" "redlug.com"
31.184.238.174 - - [01/Feb/2016:22:33:06 -0800] "GET /logs/access.log HTTP/1.1" 200 70950 "http://www.purevolume.com/wholesalepantoprazole20mgbuyonline" "Mozilla/5.0 (Windows NT 6.3; WOW64) AppleWebKit/537.36 (KHTML, like Gecko) Chrome/32.0.1700.76 Safari/537.36" "redlug.com"
212.92.232.129 - - [01/Feb/2016:22:34:25 -0800] "GET /logs/access_130930.log HTTP/1.1" 404 73 "http://sibutramine.centerblog.net/" "Mozilla/5.0 (Windows NT 5.1; rv:12.0) Gecko/20100101 Firefox/12.0" "redlug.com"
212.92.232.129 - - [01/Feb/2016:22:34:25 -0800] "GET /logs/access_130930.log HTTP/1.1" 404 73 "http://sibutramine.centerblog.net/" "Mozilla/5.0 (Windows NT 6.2; rv:16.0) Gecko/20100101 Firefox/16.0" "redlug.com"
212.92.232.129 - - [01/Feb/2016:22:34:25 -0800] "GET /access_130930.log HTTP/1.1" 404 73 "http://sibutramine.centerblog.net/" "Mozilla/5.0 (Windows NT 6.2; rv:16.0) Gecko/20100101 Firefox/16.0" "redlug.com"
212.92.232.129 - - [01/Feb/2016:22:34:26 -0800] "GET /logs/access_130930.log HTTP/1.1" 404 73 "http://sibutramine.centerblog.net/" "Mozilla/5.0 (Windows NT 5.1; rv:17.0) Gecko/17.0 Firefox/17.0" "redlug.com"
212.92.232.129 - - [01/Feb/2016:22:34:26 -0800] "GET /access_130930.log HTTP/1.1" 404 73 "http://sibutramine.centerblog.net/" "Mozilla/5.0 (Windows NT 5.1; rv:17.0) Gecko/17.0 Firefox/17.0" "redlug.com"
212.92.232.129 - - [01/Feb/2016:22:34:27 -0800] "GET /logs/access_130930.log HTTP/1.1" 404 73 "http://sibutramine.centerblog.net/" "Opera/9.80 (Windows NT 5.1; Edition Ukraine Local) Presto/2.12.388 Version/12.10" "redlug.com"
212.92.232.129 - - [01/Feb/2016:22:34:27 -0800] "GET /access_130930.log HTTP/1.1" 404 73 "http://sibutramine.centerblog.net/" "Opera/9.80 (Windows NT 5.1; Edition Ukraine Local) Presto/2.12.388 Version/12.10" "redlug.com"
62.210.113.241 - - [01/Feb/2016:22:36:35 -0800] "GET /logs/access.log HTTP/1.1" 200 10215 "http://redlug.com/" "Mozilla/5.0 (Windows NT 6.0; rv:34.0) Gecko/20100101 Firefox/34.0" "redlug.com"
62.210.113.241 - - [01/Feb/2016:22:36:36 -0800] "GET /Documents/Ali.htm HTTP/1.1" 200 8452 "http://redlug.com/logs/access.log" "Mozilla/5.0 (Windows NT 6.0; rv:34.0) Gecko/20100101 Firefox/34.0" "redlug.com"
208.115.113.86 - - [01/Feb/2016:22:37:27 -0800] "GET /robots.txt HTTP/1.1" 200 37 "-" "Mozilla/5.0 (compatible; DotBot/1.1; http://www.opensiteexplorer.org/dotbot, help@moz.com)" "redlug.com"
100.43.85.19 - - [01/Feb/2016:22:37:26 -0800] "GET /logs/access_150324.log HTTP/1.1" 200 4361818 "-" "Mozilla/5.0 (compatible; YandexBot/3.0; +http://yandex.com/bots)" "redlug.com"
199.21.99.196 - - [01/Feb/2016:22:38:42 -0800] "GET /logs/access_150324.log HTTP/1.1" 200 4361818 "-" "Mozilla/5.0 (compatible; YandexBot/3.0; +http://yandex.com/bots)" "redlug.com"
104.254.212.164 - - [01/Feb/2016:22:40:17 -0800] "GET /logs/access.log HTTP/1.1" 200 10289 "http://redlug.com/" "Mozilla/5.0 (Windows NT 6.0; rv:34.0) Gecko/20100101 Firefox/34.0" "redlug.com"
31.184.238.174 - - [01/Feb/2016:22:40:41 -0800] "GET /logs/access.log HTTP/1.1" 200 73866 "http://gravatar.com/pipbetamethasone" "Opera/9.80 (Windows NT 6.1) Presto/2.12.388 Version/12.16" "redlug.com"
31.184.238.174 - - [01/Feb/2016:22:41:55 -0800] "GET /logs/access.log HTTP/1.1" 200 74068 "http://quayjinmafervausupp.greatwebsitebuilder.com" "Mozilla/5.0 (Windows NT 6.2; WOW64; rv:27.0) Gecko/20100101 Firefox/27.0" "redlug.com"
59.127.202.241 - - [01/Feb/2016:22:44:24 -0800] "HEAD /logs/access_160201.log HTTP/1.1" 200 - "-" "Wget/1.14 (linux-gnu)" "redlug.com"
59.127.202.241 - - [01/Feb/2016:22:44:25 -0800] "HEAD /logs/access_160202.log HTTP/1.1" 200 - "-" "Wget/1.14 (linux-gnu)" "redlug.com"
192.187.100.154 - - [01/Feb/2016:22:47:15 -0800] "GET /logs/access.log HTTP/1.1" 200 10419 "http://redlug.com/" "Mozilla/5.0 (Windows NT 5.1; rv:35.0) Gecko/20100101 Firefox/35.0" "redlug.com"
31.184.238.174 - - [01/Feb/2016:22:48:17 -0800] "GET /logs/access.log HTTP/1.1" 200 74762 "http://gravatar.com/ordercefpodoximesafely" "Mozilla/5.0 (Windows NT 6.1; WOW64; rv:26.0) Gecko/20100101 Firefox/26.0" "redlug.com"
157.55.39.114 - - [01/Feb/2016:22:49:08 -0800] "GET /robots.txt HTTP/1.1" 200 37 "-" "Mozilla/5.0 (compatible; bingbot/2.0; +http://www.bing.com/bingbot.htm)" "www.redlug.com"
31.184.238.174 - - [01/Feb/2016:22:49:30 -0800] "GET /logs/access.log HTTP/1.1" 200 75161 "http://spironolactone-buy-safely.snack.ws" "Mozilla/5.0 (Windows NT 6.3; WOW64) AppleWebKit/537.36 (KHTML, like Gecko) Chrome/32.0.1700.107 Safari/537.36" "redlug.com"
85.203.17.156 - - [01/Feb/2016:22:51:34 -0800] "GET /old_socialistview.htm HTTP/1.1" 200 3883 "http://redlug.com" "Mozilla/5.0 (Windows NT 5.1; rv:35.0) Gecko/20100101 Firefox/35.0" "redlug.com"
85.203.17.156 - - [01/Feb/2016:22:51:34 -0800] "GET /suggest-listing.php HTTP/1.1" 404 88 "http://redlug.com/old_socialistview.htm" "Mozilla/5.0 (Windows NT 5.1; rv:35.0) Gecko/20100101 Firefox/35.0" "redlug.com"
62.210.113.241 - - [01/Feb/2016:22:54:17 -0800] "GET /logs/access.log HTTP/1.1" 200 10554 "http://redlug.com/" "Mozilla/5.0 (Windows NT 6.0; rv:34.0) Gecko/20100101 Firefox/34.0" "redlug.com"
62.210.113.241 - - [01/Feb/2016:22:54:18 -0800] "GET /old_socialistview.htm HTTP/1.1" 200 3883 "http://redlug.com/logs/access.log" "Mozilla/5.0 (Windows NT 6.0; rv:34.0) Gecko/20100101 Firefox/34.0" "redlug.com"
212.92.232.129 - - [01/Feb/2016:22:55:14 -0800] "GET /logs/access_130930.log HTTP/1.1" 404 73 "http://sibutramine.centerblog.net/" "Mozilla/5.0 (Windows NT 6.1; rv:10.0) Gecko/20100101 Firefox/10.0" "redlug.com"
212.92.232.129 - - [01/Feb/2016:22:55:14 -0800] "GET /logs/access_130930.log HTTP/1.1" 404 73 "http://sibutramine.centerblog.net/" "Opera/9.80 (Windows NT 6.1; U; Edition Yx; ru) Presto/2.10.289 Version/12.02" "redlug.com"
212.92.232.129 - - [01/Feb/2016:22:55:14 -0800] "GET /access_130930.log HTTP/1.1" 404 73 "http://sibutramine.centerblog.net/" "Opera/9.80 (Windows NT 6.1; U; Edition Yx; ru) Presto/2.10.289 Version/12.02" "redlug.com"
212.92.232.129 - - [01/Feb/2016:22:55:15 -0800] "GET /logs/access_130930.log HTTP/1.1" 404 73 "http://sibutramine.centerblog.net/" "Opera/9.80 (Windows NT 6.1; WOW64; U; ru) Presto/2.10.289 Version/12.01" "redlug.com"
212.92.232.129 - - [01/Feb/2016:22:55:15 -0800] "GET /access_130930.log HTTP/1.1" 404 73 "http://sibutramine.centerblog.net/" "Opera/9.80 (Windows NT 6.1; WOW64; U; ru) Presto/2.10.289 Version/12.01" "redlug.com"
212.92.232.129 - - [01/Feb/2016:22:55:16 -0800] "GET /access_130930.log HTTP/1.1" 404 73 "http://sibutramine.centerblog.net/" "Opera/9.80 (Windows NT 6.1; WOW64; MRA 8.0 (build 5880)) Presto/2.12.388 Version/12.11" "redlug.com"
31.184.238.174 - - [01/Feb/2016:22:55:52 -0800] "GET /logs/access.log HTTP/1.1" 200 77544 "http://buy-amiloride-5mg.snack.ws" "Mozilla/5.0 (Windows NT 6.1; WOW64) AppleWebKit/537.36 (KHTML, like Gecko) Chrome/30.0.1599.12785 YaBrowser/13.12.1599.12785 Safari/537.36" "redlug.com"
107.173.223.58 - - [01/Feb/2016:22:58:28 -0800] "GET / HTTP/1.1" 200 1273 "http://redlug.com/" "Mozilla/5.0 (Windows NT 6.0; rv:34.0) Gecko/20100101 Firefox/34.0" "redlug.com"
107.173.223.58 - - [01/Feb/2016:22:58:29 -0800] "GET /suggest-listing.php HTTP/1.1" 404 88 "http://redlug.com" "Mozilla/5.0 (Windows NT 6.0; rv:34.0) Gecko/20100101 Firefox/34.0" "redlug.com"
180.76.15.146 - - [01/Feb/2016:22:58:55 -0800] "GET /pdf/FascistDreams.pdf HTTP/1.1" 200 37017 "-" "Mozilla/5.0 (Windows NT 5.1; rv:6.0.2) Gecko/20100101 Firefox/6.0.2" "redlug.com"
208.115.113.94 - - [01/Feb/2016:23:00:49 -0800] "GET /paperarticles/0301-editorial.htm HTTP/1.1" 200 5581 "-" "Mozilla/5.0 (compatible; DotBot/1.1; http://www.opensiteexplorer.org/dotbot, help@moz.com)" "redlug.com"
157.55.39.114 - - [01/Feb/2016:23:03:15 -0800] "GET /Leaflets/2007/?M=D HTTP/1.1" 200 321 "-" "Mozilla/5.0 (compatible; bingbot/2.0; +http://www.bing.com/bingbot.htm)" "www.redlug.com"
77.37.240.57 - - [01/Feb/2016:23:03:24 -0800] "GET /logs/access.log HTTP/1.1" 200 78775 "http://olegon.ru/showthread.php?t=6546" "Mozilla/5.0 (Windows; U; Windows NT 6.0; en-US; rv:1.9.0.17) Gecko/200912217 http://olegon.ru (.NET CLR 3.5.30729)" "redlug.com"
77.37.240.57 - - [01/Feb/2016:23:03:29 -0800] "GET /logs/access.log HTTP/1.1" 200 79034 "http://inima.ru/contacts/" "Mozilla/5.0 (Windows; U; Windows NT 6.0; en-US; rv:1.9.0.17) Gecko/200912217 http://inima.ru (.NET CLR 3.5.30729)" "redlug.com"
31.184.238.174 - - [01/Feb/2016:23:03:30 -0800] "GET /logs/access.log HTTP/1.1" 200 79279 "http://buy-famciclovir-without-rx.snack.ws" "Mozilla/5.0 (Windows NT 6.3; WOW64) AppleWebKit/537.36 (KHTML, like Gecko) Chrome/32.0.1700.76 Safari/537.36" "redlug.com"
31.184.238.174 - - [01/Feb/2016:23:04:45 -0800] "GET /logs/access.log HTTP/1.1" 200 79538 "http://ordersustivaph.forumcircle.com" "Mozilla/5.0 (Windows NT 6.1; WOW64) AppleWebKit/537.36 (KHTML, like Gecko) Chrome/30.0.1599.12785 YaBrowser/13.12.1599.12785 Safari/537.36" "redlug.com"
113.162.174.38 - - [01/Feb/2016:23:06:27 -0800] "GET / HTTP/1.1" 200 1273 "http://redlug.com/" "Mozilla/5.0 (Windows NT 5.1; rv:35.0) Gecko/20100101 Firefox/35.0" "redlug.com"
141.8.143.176 - - [01/Feb/2016:23:06:57 -0800] "GET /socview/04SpringSpain.htm HTTP/1.1" 200 4764 "-" "Mozilla/5.0 (compatible; YandexBot/3.0; +http://yandex.com/bots)" "redlug.com"
46.118.155.216 - - [01/Feb/2016:23:07:01 -0800] "GET /robots.txt HTTP/1.1" 200 37 "-" "Mozilla/5.0 (Windows 10; WOW64; rv:41.0) Gecko/20100101 Firefox/41.0" "redlug.com"
46.118.155.216 - - [01/Feb/2016:23:07:01 -0800] "GET / HTTP/1.1" 200 9589 "-" "Mozilla/5.0 (Windows 10; WOW64; rv:41.0) Gecko/20100101 Firefox/41.0" "redlug.com"
46.118.155.216 - - [01/Feb/2016:23:07:02 -0800] "GET /xmlrpc.php?rsd HTTP/1.1" 404 73 "-" "Mozilla/5.0 (Windows 10; WOW64; rv:41.0) Gecko/20100101 Firefox/41.0" "redlug.com"
46.118.155.216 - - [01/Feb/2016:23:07:02 -0800] "GET /blog/robots.txt HTTP/1.1" 404 73 "-" "Mozilla/5.0 (Windows 10; WOW64; rv:41.0) Gecko/20100101 Firefox/41.0" "redlug.com"
46.118.155.216 - - [01/Feb/2016:23:07:02 -0800] "GET /blog/ HTTP/1.1" 404 73 "-" "Mozilla/5.0 (Windows 10; WOW64; rv:41.0) Gecko/20100101 Firefox/41.0" "redlug.com"
46.118.155.216 - - [01/Feb/2016:23:07:02 -0800] "GET /wordpress/ HTTP/1.1" 404 73 "-" "Mozilla/5.0 (Windows 10; WOW64; rv:41.0) Gecko/20100101 Firefox/41.0" "redlug.com"
46.118.155.216 - - [01/Feb/2016:23:07:03 -0800] "GET /wp/ HTTP/1.1" 404 73 "-" "Mozilla/5.0 (Windows 10; WOW64; rv:41.0) Gecko/20100101 Firefox/41.0" "redlug.com"
62.210.113.241 - - [01/Feb/2016:23:08:29 -0800] "GET /logs/access.log HTTP/1.1" 200 11070 "http://redlug.com/" "Mozilla/5.0 (Windows NT 6.1) AppleWebKit/537.36 (KHTML, like Gecko) Chrome/39.0.2171.95 Safari/537.36" "redlug.com"
62.210.113.241 - - [01/Feb/2016:23:08:31 -0800] "GET /old_socialistview.htm HTTP/1.1" 200 3882 "http://redlug.com/logs/access.log" "Mozilla/5.0 (Windows NT 6.1) AppleWebKit/537.36 (KHTML, like Gecko) Chrome/39.0.2171.95 Safari/537.36" "redlug.com"
31.184.238.174 - - [01/Feb/2016:23:11:11 -0800] "GET /logs/access.log HTTP/1.1" 200 81835 "http://anafranilbb7.forumcircle.com" "Mozilla/5.0 (Windows NT 6.1) AppleWebKit/537.36 (KHTML, like Gecko) Chrome/33.0.1750.117 Safari/537.36" "redlug.com"
146.185.234.48 - - [01/Feb/2016:23:16:24 -0800] "GET /sitemap/sitemap.htm HTTP/1.1" 200 30369 "-" "Mozilla/4.0 (compatible; MSIE 6.0; Windows NT 5.1; SV1)" "redlug.com"
146.185.234.48 - - [01/Feb/2016:23:16:25 -0800] "GET /LabHist/ContentsList.htm HTTP/1.1" 200 30482 "-" "Mozilla/4.0 (compatible; MSIE 6.0; Windows NT 5.1; SV1)" "redlug.com"
146.185.234.48 - - [01/Feb/2016:23:16:44 -0800] "GET /sitemap/sitemapC-D.htm HTTP/1.1" 200 31724 "-" "Mozilla/4.0 (compatible; MSIE 6.0; Windows NT 5.1; SV1)" "redlug.com"
146.185.234.48 - - [01/Feb/2016:23:16:45 -0800] "GET /sitemap/sitemapE-F.htm HTTP/1.1" 200 36550 "-" "Mozilla/4.0 (compatible; MSIE 6.0; Windows NT 5.1; SV1)" "redlug.com"
146.185.234.48 - - [01/Feb/2016:23:16:49 -0800] "GET /sitemap/sitemapG-H.htm HTTP/1.1" 200 36398 "-" "Mozilla/4.0 (compatible; MSIE 6.0; Windows NT 5.1; SV1)" "redlug.com"
146.185.234.48 - - [01/Feb/2016:23:17:10 -0800] "GET /sitemap/sitemapK-L.htm HTTP/1.1" 200 18431 "-" "Mozilla/4.0 (compatible; MSIE 6.0; Windows NT 5.1; SV1)" "redlug.com"
146.185.234.48 - - [01/Feb/2016:23:17:12 -0800] "GET /sitemap/sitemapM-O.htm HTTP/1.1" 200 41817 "-" "Mozilla/4.0 (compatible; MSIE 6.0; Windows NT 5.1; SV1)" "redlug.com"
146.185.234.48 - - [01/Feb/2016:23:17:53 -0800] "GET /Socialist/0511Belgium.htm HTTP/1.1" 200 3730 "-" "Mozilla/4.0 (compatible; MSIE 6.0; Windows NT 5.1; SV1)" "redlug.com"
146.185.234.48 - - [01/Feb/2016:23:17:55 -0800] "GET /Socialist/05MayBins.htm HTTP/1.1" 200 2111 "-" "Mozilla/4.0 (compatible; MSIE 6.0; Windows NT 5.1; SV1)" "redlug.com"
146.185.234.48 - - [01/Feb/2016:23:17:55 -0800] "GET /Socialist/0502Bins.htm HTTP/1.1" 200 6837 "-" "Mozilla/4.0 (compatible; MSIE 6.0; Windows NT 5.1; SV1)" "redlug.com"
146.185.234.48 - - [01/Feb/2016:23:17:58 -0800] "GET /Socialist/0501Bins.htm HTTP/1.1" 200 8482 "-" "Mozilla/4.0 (compatible; MSIE 6.0; Windows NT 5.1; SV1)" "redlug.com"
146.185.234.48 - - [01/Feb/2016:23:17:58 -0800] "GET /Socialist/0411Bins.htm HTTP/1.1" 200 5185 "-" "Mozilla/4.0 (compatible; MSIE 6.0; Windows NT 5.1; SV1)" "redlug.com"
146.185.234.48 - - [01/Feb/2016:23:18:10 -0800] "GET /cwi/DerryBS.htm HTTP/1.1" 200 5686 "-" "Mozilla/4.0 (compatible; MSIE 6.0; Windows NT 5.1; SV1)" "redlug.com"
146.185.234.48 - - [01/Feb/2016:23:18:12 -0800] "GET /Archive/DerryBS1972.htm HTTP/1.1" 200 10255 "-" "Mozilla/4.0 (compatible; MSIE 6.0; Windows NT 5.1; SV1)" "redlug.com"
31.184.238.174 - - [01/Feb/2016:23:18:43 -0800] "GET /logs/access.log HTTP/1.1" 200 84480 "http://theophylline-buy-cheap.snack.ws" "Mozilla/5.0 (Windows NT 5.1) AppleWebKit/537.36 (KHTML, like Gecko) Chrome/32.0.1700.102 Safari/537.36" "redlug.com"
31.184.238.174 - - [01/Feb/2016:23:19:54 -0800] "GET /logs/access.log HTTP/1.1" 200 84729 "http://www.theknot.com/wedding/amantadine-and-fast" "Mozilla/5.0 (Windows NT 6.2; WOW64) AppleWebKit/537.36 (KHTML, like Gecko) Chrome/32.0.1700.107 Safari/537.36" "redlug.com"
62.210.113.241 - - [01/Feb/2016:23:20:00 -0800] "GET /old_socialistview.htm HTTP/1.1" 200 3881 "http://redlug.com/logs/access.log" "Mozilla/5.0 (Windows NT 6.1) AppleWebKit/537.36 (KHTML, like Gecko) Chrome/39.0.2171.95 Safari/537.36" "redlug.com"
212.92.232.129 - - [01/Feb/2016:23:20:35 -0800] "GET /logs/access_130930.log HTTP/1.1" 404 73 "http://slimex.for.me/" "Opera/9.80 (Windows NT 6.1; WOW64; MRA 8.0 (build 5880)) Presto/2.12.388 Version/12.11" "redlug.com"
212.92.232.129 - - [01/Feb/2016:23:20:36 -0800] "GET /access_130930.log HTTP/1.1" 404 73 "http://slimex.for.me/" "Opera/9.80 (Windows NT 6.1; WOW64; MRA 8.0 (build 5880)) Presto/2.12.388 Version/12.11" "redlug.com"
212.92.232.129 - - [01/Feb/2016:23:20:37 -0800] "GET /logs/access_130930.log HTTP/1.1" 404 73 "http://slimex.for.me/" "Opera/9.80 (Windows NT 6.1; U; ru) Presto/2.10.289 Version/12.02" "redlug.com"
212.92.232.129 - - [01/Feb/2016:23:20:39 -0800] "GET /access_130930.log HTTP/1.1" 404 73 "http://slimex.for.me/" "Opera/9.80 (Windows NT 6.1; U; ru) Presto/2.10.289 Version/12.02" "redlug.com"
5.175.129.134 - - [01/Feb/2016:23:24:16 -0800] "GET /logs/access.log HTTP/1.1" 200 11540 "http://redlug.com/" "Mozilla/5.0 (Windows NT 5.1; rv:35.0) Gecko/20100101 Firefox/35.0" "redlug.com"
150.70.173.46 - - [01/Feb/2016:23:25:27 -0800] "GET /Documents/Ali.htm HTTP/1.1" 200 19746 "-" "Mozilla/4.0 (compatible; MSIE 8.0; Windows NT 5.1; Trident/4.0)" "redlug.com"
178.19.111.195 - - [01/Feb/2016:23:25:36 -0800] "GET /logs/access.log HTTP/1.1" 200 86436 "http://redlug.com/" "Mozilla/5.0 (Windows NT 5.1; rv:35.0) Gecko/20100101 Firefox/35.0" "redlug.com"
31.184.238.174 - - [01/Feb/2016:23:26:06 -0800] "GET /logs/access.log HTTP/1.1" 200 86628 "http://gravatar.com/d5pentoxifylline" "Mozilla/5.0 (Windows NT 6.1) AppleWebKit/537.36 (KHTML, like Gecko) Chrome/30.0.1599.12785 YaBrowser/13.12.1599.12785 Safari/537.36" "redlug.com"
31.184.238.174 - - [01/Feb/2016:23:27:19 -0800] "GET /logs/access.log HTTP/1.1" 200 86904 "http://gravatar.com/buyalesseonlinewholesale" "Mozilla/5.0 (Windows NT 6.1) AppleWebKit/537.36 (KHTML, like Gecko) Chrome/33.0.1750.117 Safari/537.36" "redlug.com"
31.184.238.174 - - [01/Feb/2016:23:33:31 -0800] "GET /logs/access.log HTTP/1.1" 200 87159 "http://hydroxyurea500mgj8.forumcircle.com" "Mozilla/5.0 (Windows NT 6.3; WOW64; rv:26.0) Gecko/20100101 Firefox/26.0" "redlug.com"
31.184.238.174 - - [01/Feb/2016:23:34:43 -0800] "GET /logs/access.log HTTP/1.1" 200 87381 "http://gravatar.com/bijslapostbildchalitt" "Mozilla/5.0 (Windows NT 6.3; WOW64) AppleWebKit/537.36 (KHTML, like Gecko) Chrome/33.0.1750.146 Safari/537.36" "redlug.com"
91.116.246.72 - - [01/Feb/2016:23:37:49 -0800] "GET /logs/access.log HTTP/1.1" 200 87640 "-" "Mozilla/5.0 (X11; Linux x86_64; rv:2.0b8pre) Gecko/20101011 Firefox/4.0b8pre" "redlug.com"
192.187.100.154 - - [01/Feb/2016:23:40:09 -0800] "GET /logs/access.log HTTP/1.1" 200 11797 "http://redlug.com/" "Mozilla/5.0 (Windows NT 5.1; rv:35.0) Gecko/20100101 Firefox/35.0" "redlug.com"
31.184.238.174 - - [01/Feb/2016:23:40:57 -0800] "GET /logs/access.log HTTP/1.1" 200 88018 "http://www.theknot.com/wedding/ribavirin-and-no" "Mozilla/5.0 (Windows NT 6.1; rv:26.0) Gecko/20100101 Firefox/26.0" "redlug.com"
31.184.238.174 - - [01/Feb/2016:23:42:08 -0800] "GET /logs/access.log HTTP/1.1" 200 88239 "http://www.theknot.com/wedding/tenormin-and-sale" "Mozilla/5.0 (Windows NT 6.3; WOW64; rv:26.0) Gecko/20100101 Firefox/26.0" "redlug.com"
180.76.15.135 - - [01/Feb/2016:23:43:58 -0800] "GET /logs/access_150514.log HTTP/1.1" 200 947242 "-" "Mozilla/5.0 (compatible; Baiduspider/2.0; +http://www.baidu.com/search/spider.html)" "www.redlug.com"
180.76.15.17 - - [01/Feb/2016:23:44:04 -0800] "GET /logs/access_150514.log HTTP/1.1" 200 5224482 "-" "Mozilla/5.0 (compatible; Baiduspider/2.0; +http://www.baidu.com/search/spider.html)" "www.redlug.com"
201.172.233.121 - - [01/Feb/2016:23:44:35 -0800] "GET /logs/access.log HTTP/1.1" 200 11938 "http://redlug.com/" "Mozilla/5.0 (Windows NT 6.0; rv:34.0) Gecko/20100101 Firefox/34.0" "redlug.com"
201.172.233.121 - - [01/Feb/2016:23:44:39 -0800] "GET /suggest-listing.php HTTP/1.1" 404 88 "http://redlug.com" "Mozilla/5.0 (Windows NT 6.0; rv:34.0) Gecko/20100101 Firefox/34.0" "redlug.com"
212.92.232.129 - - [01/Feb/2016:23:46:17 -0800] "GET /logs/access_130930.log HTTP/1.1" 404 73 "http://www.purevolume.com/hydrochlorothiazide" "Opera/9.80 (Windows NT 6.1; MRA 6.0 (build 5970)) Presto/2.12.388 Version/12.11" "redlug.com"
212.92.232.129 - - [01/Feb/2016:23:46:17 -0800] "GET /logs/access_130930.log HTTP/1.1" 404 73 "http://www.purevolume.com/hydrochlorothiazide" "Mozilla/5.0 (Windows NT 6.1) AppleWebKit/537.4 (KHTML, like Gecko) Chrome/22.0.1229.79 Safari/537.4 u01-09" "redlug.com"
212.92.232.129 - - [01/Feb/2016:23:46:17 -0800] "GET /access_130930.log HTTP/1.1" 404 73 "http://www.purevolume.com/hydrochlorothiazide" "Mozilla/5.0 (Windows NT 6.1) AppleWebKit/537.4 (KHTML, like Gecko) Chrome/22.0.1229.79 Safari/537.4 u01-09" "redlug.com"
212.92.232.129 - - [01/Feb/2016:23:46:18 -0800] "GET /logs/access_130930.log HTTP/1.1" 404 73 "http://www.purevolume.com/hydrochlorothiazide" "Mozilla/5.0 (Windows NT 5.1) AppleWebKit/537.11 (KHTML, like Gecko) Chrome/23.0.1271.95 Safari/537.11" "redlug.com"
212.92.232.129 - - [01/Feb/2016:23:46:18 -0800] "GET /access_130930.log HTTP/1.1" 404 73 "http://www.purevolume.com/hydrochlorothiazide" "Mozilla/5.0 (Windows NT 5.1) AppleWebKit/537.11 (KHTML, like Gecko) Chrome/23.0.1271.95 Safari/537.11" "redlug.com"
212.92.232.129 - - [01/Feb/2016:23:46:19 -0800] "GET /logs/access_130930.log HTTP/1.1" 404 73 "http://www.purevolume.com/hydrochlorothiazide" "Mozilla/5.0 (Windows NT 5.1; rv:7.0.1) Gecko/20100101 Firefox/7.0.1" "redlug.com"
212.92.232.129 - - [01/Feb/2016:23:46:19 -0800] "GET /access_130930.log HTTP/1.1" 404 73 "http://www.purevolume.com/hydrochlorothiazide" "Mozilla/5.0 (Windows NT 5.1; rv:7.0.1) Gecko/20100101 Firefox/7.0.1" "redlug.com"
31.184.238.174 - - [01/Feb/2016:23:48:22 -0800] "GET /logs/access.log HTTP/1.1" 200 90980 "http://gravatar.com/y96danazol50mg" "Mozilla/5.0 (Windows NT 5.1) AppleWebKit/537.36 (KHTML, like Gecko) Chrome/32.0.1700.102 Safari/537.36" "redlug.com"
31.184.238.174 - - [01/Feb/2016:23:49:34 -0800] "GET /logs/access.log HTTP/1.1" 200 91225 "http://gravatar.com/milcohesliduno" "Opera/9.80 (Windows NT 6.1) Presto/2.12.388 Version/12.16" "redlug.com"
157.55.39.163 - - [01/Feb/2016:23:50:50 -0800] "GET /logs/access_150807.log HTTP/1.1" 200 86715 "-" "Mozilla/5.0 (compatible; bingbot/2.0; +http://www.bing.com/bingbot.htm)" "redlug.com"
5.101.221.218 - - [01/Feb/2016:23:51:01 -0800] "GET /logs/access.log HTTP/1.1" 200 12162 "http://redlug.com/" "Mozilla/5.0 (Windows NT 6.0; rv:34.0) Gecko/20100101 Firefox/34.0" "redlug.com"
62.210.113.241 - - [01/Feb/2016:23:51:05 -0800] "GET /logs/access.log HTTP/1.1" 200 12187 "http://redlug.com/" "Mozilla/5.0 (Windows NT 6.1) AppleWebKit/537.36 (KHTML, like Gecko) Chrome/39.0.2171.95 Safari/537.36" "redlug.com"
212.253.100.70 - - [01/Feb/2016:23:54:32 -0800] "GET /logs/access.log HTTP/1.1" 200 12200 "http://redlug.com/" "Mozilla/5.0 (Windows NT 6.0; rv:34.0) Gecko/20100101 Firefox/34.0" "redlug.com"
212.253.100.70 - - [01/Feb/2016:23:54:32 -0800] "GET / HTTP/1.1" 200 1273 "http://redlug.com/" "Mozilla/5.0 (Windows NT 6.0; rv:34.0) Gecko/20100101 Firefox/34.0" "redlug.com"
212.253.100.70 - - [01/Feb/2016:23:54:32 -0800] "GET /socialistPartyArchive/ HTTP/1.1" 200 3216 "http://redlug.com" "Mozilla/5.0 (Windows NT 6.0; rv:34.0) Gecko/20100101 Firefox/34.0" "redlug.com"
212.253.100.70 - - [01/Feb/2016:23:54:33 -0800] "GET /socialistPartyArchive/suggest-listing.php HTTP/1.1" 404 88 "http://redlug.com/socialistPartyArchive/" "Mozilla/5.0 (Windows NT 6.0; rv:34.0) Gecko/20100101 Firefox/34.0" "redlug.com"
31.184.238.174 - - [01/Feb/2016:23:56:57 -0800] "GET /logs/access.log HTTP/1.1" 200 92833 "http://aricept10mge2.forumcircle.com" "Mozilla/5.0 (Windows NT 6.1; WOW64) AppleWebKit/537.36 (KHTML, like Gecko) Chrome/32.0.1700.102 Safari/537.36 OPR/19.0.1326.59" "redlug.com"
23.94.10.217 - - [01/Feb/2016:23:58:30 -0800] "GET /logs/access.log HTTP/1.1" 200 12300 "http://redlug.com/" "Mozilla/5.0 (Windows NT 5.1; rv:35.0) Gecko/20100101 Firefox/35.0" "redlug.com"
77.37.240.57 - - [02/Feb/2016:00:03:37 -0800] "GET /logs/access.log HTTP/1.1" 200 93294 "http://inima.ru/contacts/" "Mozilla/5.0 (Windows; U; Windows NT 6.0; en-US; rv:1.9.0.17) Gecko/200912217 http://inima.ru (.NET CLR 3.5.30729)" "redlug.com"
31.184.238.174 - - [02/Feb/2016:00:04:25 -0800] "GET /logs/access.log HTTP/1.1" 200 93539 "http://orderprogestogenonlinept.over-blog.com/2014/04/purchase-progestogen-online-order-progestogen-25-mg-to-get-high.html" "Mozilla/5.0 (Windows NT 6.1; WOW64) AppleWebKit/537.36 (KHTML, like Gecko) Chrome/33.0.1750.117 Safari/537.36" "redlug.com"
212.92.232.129 - - [02/Feb/2016:00:06:17 -0800] "GET /logs/access_130930.log HTTP/1.1" 404 73 "http://renova.logdown.com/posts/469650-renova-tretinoin-emollient-cream-05" "Mozilla/5.0 (Windows NT 5.2; WOW64; rv:16.0) Gecko/20100101 Firefox/16.0" "redlug.com"
212.92.232.129 - - [02/Feb/2016:00:06:18 -0800] "GET /logs/access_130930.log HTTP/1.1" 404 73 "http://renova.logdown.com/posts/469650-renova-tretinoin-emollient-cream-05" "Mozilla/5.0 (Windows NT 5.2; rv:17.0) Gecko/17.0 Firefox/17.0" "redlug.com"
212.92.232.129 - - [02/Feb/2016:00:06:19 -0800] "GET /access_130930.log HTTP/1.1" 404 73 "http://renova.logdown.com/posts/469650-renova-tretinoin-emollient-cream-05" "Mozilla/5.0 (Windows NT 5.2; rv:17.0) Gecko/17.0 Firefox/17.0" "redlug.com"
212.92.232.129 - - [02/Feb/2016:00:06:21 -0800] "GET /logs/access_130930.log HTTP/1.1" 404 73 "http://renova.logdown.com/posts/469650-renova-tretinoin-emollient-cream-05" "Mozilla/5.0 (Windows NT 6.1; WOW64) AppleWebKit/537.4 (KHTML, like Gecko) Chrome/22.0.1229.96 Safari/537.4" "redlug.com"
212.92.232.129 - - [02/Feb/2016:00:06:22 -0800] "GET /access_130930.log HTTP/1.1" 404 73 "http://renova.logdown.com/posts/469650-renova-tretinoin-emollient-cream-05" "Mozilla/5.0 (Windows NT 6.1; WOW64) AppleWebKit/537.4 (KHTML, like Gecko) Chrome/22.0.1229.96 Safari/537.4" "redlug.com"
31.184.238.174 - - [02/Feb/2016:00:10:42 -0800] "GET /logs/access.log HTTP/1.1" 200 95210 "http://avodartsr9.forumcircle.com" "Mozilla/5.0 (Windows NT 6.1; WOW64) AppleWebKit/537.36 (KHTML, like Gecko) Chrome/30.0.1599.13014 YaBrowser/13.12.1599.13014 Safari/537.36" "redlug.com"
31.184.238.174 - - [02/Feb/2016:00:11:53 -0800] "GET /logs/access.log HTTP/1.1" 200 95490 "http://coabarfeacusylil.greatwebsitebuilder.com" "Mozilla/5.0 (Windows NT 5.1; rv:27.0) Gecko/20100101 Firefox/27.0" "redlug.com"
23.95.232.208 - - [02/Feb/2016:00:15:43 -0800] "GET /logs/access.log HTTP/1.1" 200 12590 "http://redlug.com/" "Mozilla/5.0 (Windows NT 6.0; rv:34.0) Gecko/20100101 Firefox/34.0" "redlug.com"
23.95.232.208 - - [02/Feb/2016:00:15:43 -0800] "GET / HTTP/1.1" 200 1273 "http://redlug.com/" "Mozilla/5.0 (Windows NT 6.0; rv:34.0) Gecko/20100101 Firefox/34.0" "redlug.com"
23.95.232.208 - - [02/Feb/2016:00:15:44 -0800] "GET /suggest-listing.php HTTP/1.1" 404 88 "http://redlug.com" "Mozilla/5.0 (Windows NT 6.0; rv:34.0) Gecko/20100101 Firefox/34.0" "redlug.com"
31.184.238.174 - - [02/Feb/2016:00:17:39 -0800] "GET /logs/access.log HTTP/1.1" 200 96268 "http://www.purevolume.com/buybiaxin250mgonline" "Mozilla/5.0 (Windows NT 6.1) AppleWebKit/537.36 (KHTML, like Gecko) Chrome/33.0.1750.146 Safari/537.36" "redlug.com"
31.184.238.174 - - [02/Feb/2016:00:18:41 -0800] "GET /logs/access.log HTTP/1.1" 200 96525 "http://www.purevolume.com/buypepcid20mgwholesale" "Mozilla/5.0 (Windows NT 6.1; WOW64) AppleWebKit/537.36 (KHTML, like Gecko) Chrome/30.0.1599.12785 YaBrowser/13.12.1599.12785 Safari/537.36" "redlug.com"
198.23.234.145 - - [02/Feb/2016:00:19:50 -0800] "GET /logs/access.log HTTP/1.1" 200 12686 "http://redlug.com/" "Mozilla/5.0 (Windows NT 6.0; rv:34.0) Gecko/20100101 Firefox/34.0" "redlug.com"
31.184.238.174 - - [02/Feb/2016:00:25:30 -0800] "GET /logs/access.log HTTP/1.1" 200 97012 "http://www.theknot.com/wedding/kamagra-and-delivery" "Mozilla/5.0 (Windows NT 6.3; WOW64) AppleWebKit/537.36 (KHTML, like Gecko) Chrome/33.0.1750.117 Safari/537.36" "redlug.com"
208.115.113.86 - - [02/Feb/2016:00:28:46 -0800] "GET /Socialist/No7QUBSU.htm HTTP/1.1" 200 2645 "-" "Mozilla/5.0 (compatible; DotBot/1.1; http://www.opensiteexplorer.org/dotbot, help@moz.com)" "redlug.com"
208.115.113.86 - - [02/Feb/2016:00:28:47 -0800] "GET /Socialist/0510Apprent.htm HTTP/1.1" 200 3242 "-" "Mozilla/5.0 (compatible; DotBot/1.1; http://www.opensiteexplorer.org/dotbot, help@moz.com)" "redlug.com"
158.69.25.128 - - [02/Feb/2016:00:30:05 -0800] "GET /pdf/che_sos.pdf HTTP/1.1" 200 207560 "-" "Dalvik/2.1.0 (Linux; U; Android 5.1; Millennia Hero Build/LMY47D)" "redlug.com"
158.69.25.128 - - [02/Feb/2016:00:30:33 -0800] "GET /pdf/che_sos.pdf HTTP/1.1" 200 207560 "-" "Dalvik/2.1.0 (Linux; U; Android 5.1; Millennia Hero Build/LMY47D)" "redlug.com"
31.184.238.174 - - [02/Feb/2016:00:31:18 -0800] "GET /logs/access.log HTTP/1.1" 200 98046 "http://www.theknot.com/wedding/femaleviagra-purchasing" "Mozilla/5.0 (Windows NT 6.1) AppleWebKit/537.36 (KHTML, like Gecko) Chrome/30.0.1599.13014 YaBrowser/13.12.1599.13014 Safari/537.36" "redlug.com"
31.184.238.174 - - [02/Feb/2016:00:32:20 -0800] "GET /logs/access.log HTTP/1.1" 200 98340 "http://ma9simvastatin40mg.greatwebsitebuilder.com" "Mozilla/5.0 (Windows NT 6.1; WOW64) AppleWebKit/537.36 (KHTML, like Gecko) Chrome/32.0.1700.102 Safari/537.36" "redlug.com"
212.92.232.129 - - [02/Feb/2016:00:33:31 -0800] "GET /logs/access_130930.log HTTP/1.1" 404 73 "http://renova.logdown.com/posts/469650-renova-tretinoin-emollient-cream-05" "Mozilla/5.0 (Windows NT 5.2; rv:17.0) Gecko/20100101 Firefox/17.0" "redlug.com"
212.92.232.129 - - [02/Feb/2016:00:33:32 -0800] "GET /logs/access_130930.log HTTP/1.1" 404 73 "http://renova.logdown.com/posts/469650-renova-tretinoin-emollient-cream-05" "Mozilla/5.0 (compatible; MSIE 9.0; Windows NT 6.1; WOW64; Trident/5.0)" "redlug.com"
212.92.232.129 - - [02/Feb/2016:00:33:34 -0800] "GET /access_130930.log HTTP/1.1" 404 73 "http://renova.logdown.com/posts/469650-renova-tretinoin-emollient-cream-05" "Mozilla/5.0 (compatible; MSIE 9.0; Windows NT 6.1; WOW64; Trident/5.0)" "redlug.com"
212.92.232.129 - - [02/Feb/2016:00:33:34 -0800] "GET /logs/access_130930.log HTTP/1.1" 404 73 "http://renova.logdown.com/posts/469650-renova-tretinoin-emollient-cream-05" "Mozilla/5.0 (Windows NT 5.1; rv:11.0) Gecko/20100101 Firefox/11.0" "redlug.com"
